Archive member included to satisfy reference by file (symbol)

d:/avip_sokol/stm32cubeide_1.7.0/stm32cubeide/plugins/com.st.stm32cube.ide.mcu.externaltools.gnu-tools-for-stm32.10.3-2021.10.win32_1.0.200.202301161003/tools/bin/../lib/gcc/arm-none-eabi/10.3.1/../../../../arm-none-eabi/lib/thumb/v7-m/nofp\libc_nano.a(lib_a-errno.o)
                              ./Core/Src/syscalls.o (__errno)
d:/avip_sokol/stm32cubeide_1.7.0/stm32cubeide/plugins/com.st.stm32cube.ide.mcu.externaltools.gnu-tools-for-stm32.10.3-2021.10.win32_1.0.200.202301161003/tools/bin/../lib/gcc/arm-none-eabi/10.3.1/../../../../arm-none-eabi/lib/thumb/v7-m/nofp\libc_nano.a(lib_a-exit.o)
                              d:/avip_sokol/stm32cubeide_1.7.0/stm32cubeide/plugins/com.st.stm32cube.ide.mcu.externaltools.gnu-tools-for-stm32.10.3-2021.10.win32_1.0.200.202301161003/tools/bin/../lib/gcc/arm-none-eabi/10.3.1/../../../../arm-none-eabi/lib/thumb/v7-m/nofp/crt0.o (exit)
d:/avip_sokol/stm32cubeide_1.7.0/stm32cubeide/plugins/com.st.stm32cube.ide.mcu.externaltools.gnu-tools-for-stm32.10.3-2021.10.win32_1.0.200.202301161003/tools/bin/../lib/gcc/arm-none-eabi/10.3.1/../../../../arm-none-eabi/lib/thumb/v7-m/nofp\libc_nano.a(lib_a-impure.o)
                              d:/avip_sokol/stm32cubeide_1.7.0/stm32cubeide/plugins/com.st.stm32cube.ide.mcu.externaltools.gnu-tools-for-stm32.10.3-2021.10.win32_1.0.200.202301161003/tools/bin/../lib/gcc/arm-none-eabi/10.3.1/../../../../arm-none-eabi/lib/thumb/v7-m/nofp\libc_nano.a(lib_a-exit.o) (_global_impure_ptr)
d:/avip_sokol/stm32cubeide_1.7.0/stm32cubeide/plugins/com.st.stm32cube.ide.mcu.externaltools.gnu-tools-for-stm32.10.3-2021.10.win32_1.0.200.202301161003/tools/bin/../lib/gcc/arm-none-eabi/10.3.1/../../../../arm-none-eabi/lib/thumb/v7-m/nofp\libc_nano.a(lib_a-init.o)
                              d:/avip_sokol/stm32cubeide_1.7.0/stm32cubeide/plugins/com.st.stm32cube.ide.mcu.externaltools.gnu-tools-for-stm32.10.3-2021.10.win32_1.0.200.202301161003/tools/bin/../lib/gcc/arm-none-eabi/10.3.1/../../../../arm-none-eabi/lib/thumb/v7-m/nofp/crt0.o (__libc_init_array)
d:/avip_sokol/stm32cubeide_1.7.0/stm32cubeide/plugins/com.st.stm32cube.ide.mcu.externaltools.gnu-tools-for-stm32.10.3-2021.10.win32_1.0.200.202301161003/tools/bin/../lib/gcc/arm-none-eabi/10.3.1/../../../../arm-none-eabi/lib/thumb/v7-m/nofp\libc_nano.a(lib_a-memset.o)
                              d:/avip_sokol/stm32cubeide_1.7.0/stm32cubeide/plugins/com.st.stm32cube.ide.mcu.externaltools.gnu-tools-for-stm32.10.3-2021.10.win32_1.0.200.202301161003/tools/bin/../lib/gcc/arm-none-eabi/10.3.1/../../../../arm-none-eabi/lib/thumb/v7-m/nofp/crt0.o (memset)
d:/avip_sokol/stm32cubeide_1.7.0/stm32cubeide/plugins/com.st.stm32cube.ide.mcu.externaltools.gnu-tools-for-stm32.10.3-2021.10.win32_1.0.200.202301161003/tools/bin/../lib/gcc/arm-none-eabi/10.3.1/../../../../arm-none-eabi/lib/thumb/v7-m/nofp\libc_nano.a(lib_a-sprintf.o)
                              ./Core/Src/RS_485.o (sprintf)
d:/avip_sokol/stm32cubeide_1.7.0/stm32cubeide/plugins/com.st.stm32cube.ide.mcu.externaltools.gnu-tools-for-stm32.10.3-2021.10.win32_1.0.200.202301161003/tools/bin/../lib/gcc/arm-none-eabi/10.3.1/../../../../arm-none-eabi/lib/thumb/v7-m/nofp\libc_nano.a(lib_a-strlen.o)
                              ./Core/Src/RS_485.o (strlen)
d:/avip_sokol/stm32cubeide_1.7.0/stm32cubeide/plugins/com.st.stm32cube.ide.mcu.externaltools.gnu-tools-for-stm32.10.3-2021.10.win32_1.0.200.202301161003/tools/bin/../lib/gcc/arm-none-eabi/10.3.1/../../../../arm-none-eabi/lib/thumb/v7-m/nofp\libc_nano.a(lib_a-nano-svfprintf.o)
                              d:/avip_sokol/stm32cubeide_1.7.0/stm32cubeide/plugins/com.st.stm32cube.ide.mcu.externaltools.gnu-tools-for-stm32.10.3-2021.10.win32_1.0.200.202301161003/tools/bin/../lib/gcc/arm-none-eabi/10.3.1/../../../../arm-none-eabi/lib/thumb/v7-m/nofp\libc_nano.a(lib_a-sprintf.o) (_svfprintf_r)
d:/avip_sokol/stm32cubeide_1.7.0/stm32cubeide/plugins/com.st.stm32cube.ide.mcu.externaltools.gnu-tools-for-stm32.10.3-2021.10.win32_1.0.200.202301161003/tools/bin/../lib/gcc/arm-none-eabi/10.3.1/../../../../arm-none-eabi/lib/thumb/v7-m/nofp\libc_nano.a(lib_a-nano-vfprintf_i.o)
                              d:/avip_sokol/stm32cubeide_1.7.0/stm32cubeide/plugins/com.st.stm32cube.ide.mcu.externaltools.gnu-tools-for-stm32.10.3-2021.10.win32_1.0.200.202301161003/tools/bin/../lib/gcc/arm-none-eabi/10.3.1/../../../../arm-none-eabi/lib/thumb/v7-m/nofp\libc_nano.a(lib_a-nano-svfprintf.o) (_printf_i)
d:/avip_sokol/stm32cubeide_1.7.0/stm32cubeide/plugins/com.st.stm32cube.ide.mcu.externaltools.gnu-tools-for-stm32.10.3-2021.10.win32_1.0.200.202301161003/tools/bin/../lib/gcc/arm-none-eabi/10.3.1/../../../../arm-none-eabi/lib/thumb/v7-m/nofp\libc_nano.a(lib_a-memchr-stub.o)
[...]
Memory Configuration

Name             Origin             Length             Attributes
RAM              0x0000000020000000 0x0000000000005000 xrw
FLASH            0x0000000008000000 0x0000000000010000 xr
*default*        0x0000000000000000 0xffffffffffffffff

Linker script and memory map

LOAD d:/avip_sokol/stm32cubeide_1.7.0/stm32cubeide/plugins/com.st.stm32cube.ide.mcu.externaltools.gnu-tools-for-stm32.10.3-2021.10.win32_1.0.200.202301161003/tools/bin/../lib/gcc/arm-none-eabi/10.3.1/thumb/v7-m/nofp/crti.o
LOAD d:/avip_sokol/stm32cubeide_1.7.0/stm32cubeide/plugins/com.st.stm32cube.ide.mcu.externaltools.gnu-tools-for-stm32.10.3-2021.10.win32_1.0.200.202301161003/tools/bin/../lib/gcc/arm-none-eabi/10.3.1/thumb/v7-m/nofp/crtbegin.o
LOAD d:/avip_sokol/stm32cubeide_1.7.0/stm32cubeide/plugins/com.st.stm32cube.ide.mcu.externaltools.gnu-tools-for-stm32.10.3-2021.10.win32_1.0.200.202301161003/tools/bin/../lib/gcc/arm-none-eabi/10.3.1/../../../../arm-none-eabi/lib/thumb/v7-m/nofp/crt0.o
LOAD ./Core/Src/ACC_init.o
LOAD ./Core/Src/MCP2515.o
LOAD ./Core/Src/RS_485.o
LOAD ./Core/Src/main.o
LOAD ./Core/Src/stm32f1xx_hal_msp.o
LOAD ./Core/Src/stm32f1xx_it.o
LOAD ./Core/Src/syscalls.o
LOAD ./Core/Src/sysmem.o
LOAD ./Core/Src/system_stm32f1xx.o
LOAD ./Core/Startup/startup_stm32f103c8tx.o
LOAD ./Drivers/STM32F1xx_HAL_Driver/Src/stm32f1xx_hal.o
LOAD ./Drivers/STM32F1xx_HAL_Driver/Src/stm32f1xx_hal_can.o
LOAD ./Drivers/STM32F1xx_HAL_Driver/Src/stm32f1xx_hal_cortex.o
LOAD ./Drivers/STM32F1xx_HAL_Driver/Src/stm32f1xx_hal_crc.o
LOAD ./Drivers/STM32F1xx_HAL_Driver/Src/stm32f1xx_hal_dma.o
LOAD ./Drivers/STM32F1xx_HAL_Driver/Src/stm32f1xx_hal_exti.o
LOAD ./Drivers/STM32F1xx_HAL_Driver/Src/stm32f1xx_hal_flash.o
LOAD ./Drivers/STM32F1xx_HAL_Driver/Src/stm32f1xx_hal_flash_ex.o
LOAD ./Drivers/STM32F1xx_HAL_Driver/Src/stm32f1xx_hal_gpio.o
LOAD ./Drivers/STM32F1xx_HAL_Driver/Src/stm32f1xx_hal_gpio_ex.o
LOAD ./Drivers/STM32F1xx_HAL_Driver/Src/stm32f1xx_hal_i2c.o
LOAD ./Drivers/STM32F1xx_HAL_Driver/Src/stm32f1xx_hal_pwr.o
LOAD ./Drivers/STM32F1xx_HAL_Driver/Src/stm32f1xx_hal_rcc.o
LOAD ./Drivers/STM32F1xx_HAL_Driver/Src/stm32f1xx_hal_rcc_ex.o
LOAD ./Drivers/STM32F1xx_HAL_Driver/Src/stm32f1xx_hal_spi.o
LOAD ./Drivers/STM32F1xx_HAL_Driver/Src/stm32f1xx_hal_tim.o
LOAD ./Drivers/STM32F1xx_HAL_Driver/Src/stm32f1xx_hal_tim_ex.o
LOAD ./Drivers/STM32F1xx_HAL_Driver/Src/stm32f1xx_hal_uart.o
START GROUP
LOAD d:/avip_sokol/stm32cubeide_1.7.0/stm32cubeide/plugins/com.st.stm32cube.ide.mcu.externaltools.gnu-tools-for-stm32.10.3-2021.10.win32_1.0.200.202301161003/tools/bin/../lib/gcc/arm-none-eabi/10.3.1/../../../../arm-none-eabi/lib/thumb/v7-m/nofp\libc_nano.a
LOAD d:/avip_sokol/stm32cubeide_1.7.0/stm32cubeide/plugins/com.st.stm32cube.ide.mcu.externaltools.gnu-tools-for-stm32.10.3-2021.10.win32_1.0.200.202301161003/tools/bin/../lib/gcc/arm-none-eabi/10.3.1/../../../../arm-none-eabi/lib/thumb/v7-m/nofp\libm.a
END GROUP
START GROUP
LOAD d:/avip_sokol/stm32cubeide_1.7.0/stm32cubeide/plugins/com.st.stm32cube.ide.mcu.externaltools.gnu-tools-for-stm32.10.3-2021.10.win32_1.0.200.202301161003/tools/bin/../lib/gcc/arm-none-eabi/10.3.1/thumb/v7-m/nofp\libgcc.a
LOAD d:/avip_sokol/stm32cubeide_1.7.0/stm32cubeide/plugins/com.st.stm32cube.ide.mcu.externaltools.gnu-tools-for-stm32.10.3-2021.10.win32_1.0.200.202301161003/tools/bin/../lib/gcc/arm-none-eabi/10.3.1/../../../../arm-none-eabi/lib/thumb/v7-m/nofp\libc_nano.a
END GROUP
START GROUP
LOAD d:/avip_sokol/stm32cubeide_1.7.0/stm32cubeide/plugins/com.st.stm32cube.ide.mcu.externaltools.gnu-tools-for-stm32.10.3-2021.10.win32_1.0.200.202301161003/tools/bin/../lib/gcc/arm-none-eabi/10.3.1/thumb/v7-m/nofp\libgcc.a
LOAD d:/avip_sokol/stm32cubeide_1.7.0/stm32cubeide/plugins/com.st.stm32cube.ide.mcu.externaltools.gnu-tools-for-stm32.10.3-2021.10.win32_1.0.200.202301161003/tools/bin/../lib/gcc/arm-none-eabi/10.3.1/../../../../arm-none-eabi/lib/thumb/v7-m/nofp\libc_nano.a
LOAD d:/avip_sokol/stm32cubeide_1.7.0/stm32cubeide/plugins/com.st.stm32cube.ide.mcu.externaltools.gnu-tools-for-stm32.10.3-2021.10.win32_1.0.200.202301161003/tools/bin/../lib/gcc/arm-none-eabi/10.3.1/../../../../arm-none-eabi/lib/thumb/v7-m/nofp\libnosys.a
END GROUP
START GROUP
LOAD d:/avip_sokol/stm32cubeide_1.7.0/stm32cubeide/plugins/com.st.stm32cube.ide.mcu.externaltools.gnu-tools-for-stm32.10.3-2021.10.win32_1.0.200.202301161003/tools/bin/../lib/gcc/arm-none-eabi/10.3.1/thumb/v7-m/nofp\libgcc.a
LOAD d:/avip_sokol/stm32cubeide_1.7.0/stm32cubeide/plugins/com.st.stm32cube.ide.mcu.externaltools.gnu-tools-for-stm32.10.3-2021.10.win32_1.0.200.202301161003/tools/bin/../lib/gcc/arm-none-eabi/10.3.1/../../../../arm-none-eabi/lib/thumb/v7-m/nofp\libc_nano.a
LOAD d:/avip_sokol/stm32cubeide_1.7.0/stm32cubeide/plugins/com.st.stm32cube.ide.mcu.externaltools.gnu-tools-for-stm32.10.3-2021.10.win32_1.0.200.202301161003/tools/bin/../lib/gcc/arm-none-eabi/10.3.1/../../../../arm-none-eabi/lib/thumb/v7-m/nofp\libnosys.a
END GROUP
LOAD d:/avip_sokol/stm32cubeide_1.7.0/stm32cubeide/plugins/com.st.stm32cube.ide.mcu.externaltools.gnu-tools-for-stm32.10.3-2021.10.win32_1.0.200.202301161003/tools/bin/../lib/gcc/arm-none-eabi/10.3.1/thumb/v7-m/nofp/crtend.o
LOAD d:/avip_sokol/stm32cubeide_1.7.0/stm32cubeide/plugins/com.st.stm32cube.ide.mcu.externaltools.gnu-tools-for-stm32.10.3-2021.10.win32_1.0.200.202301161003/tools/bin/../lib/gcc/arm-none-eabi/10.3.1/thumb/v7-m/nofp/crtn.o
                0x0000000020005000                _estack = (ORIGIN (RAM) + LENGTH (RAM))
                0x0000000000000200                _Min_Heap_Size = 0x200
                0x0000000000000400                _Min_Stack_Size = 0x400

.isr_vector     0x0000000008000000      0x10c
                0x0000000008000000                . = ALIGN (0x4)
 *(.isr_vector)
 .isr_vector    0x0000000008000000      0x10c ./Core/Startup/startup_stm32f103c8tx.o
                0x0000000008000000                g_pfnVectors
                0x000000000800010c                . = ALIGN (0x4)

.text           0x000000000800010c     0x4034
                0x000000000800010c                . = ALIGN (0x4)
 *(.text)
 .text          0x000000000800010c       0x40 d:/avip_sokol/stm32cubeide_1.7.0/stm32cubeide/plugins/com.st.stm32cube.ide.mcu.externaltools.gnu-tools-for-stm32.10.3-2021.10.win32_1.0.200.202301161003/tools/bin/../lib/gcc/arm-none-eabi/10.3.1/thumb/v7-m/nofp/crtbegin.o
 .text          0x000000000800014c       0x10 d:/avip_sokol/stm32cubeide_1.7.0/stm32cubeide/plugins/com.st.stm32cube.ide.mcu.externaltools.gnu-tools-for-stm32.10.3-2021.10.win32_1.0.200.202301161003/tools/bin/../lib/gcc/arm-none-eabi/10.3.1/../../../../arm-none-eabi/lib/thumb/v7-m/nofp\libc_nano.a(lib_a-strlen.o)
                0x000000000800014c                strlen
 *(.text*)
 .text.update_ACC_data
                0x000000000800015c       0x60 ./Core/Src/ACC_init.o
                0x000000000800015c                update_ACC_data
 .text.read_x_axis
                0x00000000080001bc       0x80 ./Core/Src/ACC_init.o
                0x00000000080001bc                read_x_axis
 .text.read_y_axis
                0x000000000800023c       0x80 ./Core/Src/ACC_init.o
                0x000000000800023c                read_y_axis
 .text.read_z_axis
                0x00000000080002bc       0x9c ./Core/Src/ACC_init.o
                0x00000000080002bc                read_z_axis
 .text.MCP2515_Initialize
                0x0000000008000358       0x44 ./Core/Src/MCP2515.o
                0x0000000008000358                MCP2515_Initialize
 .text.RS_Send  0x000000000800039c       0x98 ./Core/Src/RS_485.o
                0x000000000800039c                RS_Send
 .text.GPIO_init
                0x0000000008000434       0x44 ./Core/Src/main.o
                0x0000000008000434                GPIO_init
 .text.main     0x0000000008000478       0x94 ./Core/Src/main.o
                0x0000000008000478                main
 .text.SystemClock_Config
                0x000000000800050c       0x8a ./Core/Src/main.o
                0x000000000800050c                SystemClock_Config
 *fill*         0x0000000008000596        0x2 
 .text.MX_CAN_Init
                0x0000000008000598       0x6c ./Core/Src/main.o
 .text.MX_CRC_Init
                0x0000000008000604       0x28 ./Core/Src/main.o
 .text.MX_I2C1_Init
                0x000000000800062c       0x5c ./Core/Src/main.o
 .text.MX_SPI1_Init
                0x0000000008000688       0x70 ./Core/Src/main.o
 .text.MX_USART1_UART_Init
                0x00000000080006f8       0x54 ./Core/Src/main.o
 .text.MX_DMA_Init
                0x000000000800074c       0x4c ./Core/Src/main.o
 .text.MX_GPIO_Init
                0x0000000008000798       0x98 ./Core/Src/main.o
 .text.Error_Handler
                0x0000000008000830        0xa ./Core/Src/main.o
                0x0000000008000830                Error_Handler
 *fill*         0x000000000800083a        0x2 
 .text.HAL_MspInit
                0x000000000800083c       0x64 ./Core/Src/stm32f1xx_hal_msp.o
                0x000000000800083c                HAL_MspInit
 .text.HAL_CAN_MspInit
                0x00000000080008a0       0x98 ./Core/Src/stm32f1xx_hal_msp.o
                0x00000000080008a0                HAL_CAN_MspInit
 .text.HAL_CRC_MspInit
                0x0000000008000938       0x3c ./Core/Src/stm32f1xx_hal_msp.o
                0x0000000008000938                HAL_CRC_MspInit
 .text.HAL_I2C_MspInit
                0x0000000008000974      0x124 ./Core/Src/stm32f1xx_hal_msp.o
                0x0000000008000974                HAL_I2C_MspInit
 .text.HAL_SPI_MspInit
                0x0000000008000a98       0x94 ./Core/Src/stm32f1xx_hal_msp.o
                0x0000000008000a98                HAL_SPI_MspInit
 .text.HAL_UART_MspInit
                0x0000000008000b2c       0x98 ./Core/Src/stm32f1xx_hal_msp.o
                0x0000000008000b2c                HAL_UART_MspInit
 .text.NMI_Handler
                0x0000000008000bc4        0x6 ./Core/Src/stm32f1xx_it.o
                0x0000000008000bc4                NMI_Handler
 .text.HardFault_Handler
                0x0000000008000bca        0x6 ./Core/Src/stm32f1xx_it.o
                0x0000000008000bca                HardFault_Handler
 .text.MemManage_Handler
                0x0000000008000bd0        0x6 ./Core/Src/stm32f1xx_it.o
                0x0000000008000bd0                MemManage_Handler
 .text.BusFault_Handler
                0x0000000008000bd6        0x6 ./Core/Src/stm32f1xx_it.o
                0x0000000008000bd6                BusFault_Handler
 .text.UsageFault_Handler
                0x0000000008000bdc        0x6 ./Core/Src/stm32f1xx_it.o
                0x0000000008000bdc                UsageFault_Handler
 .text.SVC_Handler
                0x0000000008000be2        0xc ./Core/Src/stm32f1xx_it.o
                0x0000000008000be2                SVC_Handler
 .text.DebugMon_Handler
                0x0000000008000bee        0xc ./Core/Src/stm32f1xx_it.o
                0x0000000008000bee                DebugMon_Handler
 .text.PendSV_Handler
                0x0000000008000bfa        0xc ./Core/Src/stm32f1xx_it.o
                0x0000000008000bfa                PendSV_Handler
 .text.SysTick_Handler
                0x0000000008000c06        0xc ./Core/Src/stm32f1xx_it.o
                0x0000000008000c06                SysTick_Handler
 *fill*         0x0000000008000c12        0x2 
 .text.DMA1_Channel6_IRQHandler
                0x0000000008000c14       0x14 ./Core/Src/stm32f1xx_it.o
                0x0000000008000c14                DMA1_Channel6_IRQHandler
 .text.DMA1_Channel7_IRQHandler
                0x0000000008000c28       0x14 ./Core/Src/stm32f1xx_it.o
                0x0000000008000c28                DMA1_Channel7_IRQHandler
 .text._sbrk    0x0000000008000c3c       0x6c ./Core/Src/sysmem.o
                0x0000000008000c3c                _sbrk
 .text.SystemInit
                0x0000000008000ca8        0xc ./Core/Src/system_stm32f1xx.o
                0x0000000008000ca8                SystemInit
 .text.Reset_Handler
                0x0000000008000cb4       0x48 ./Core/Startup/startup_stm32f103c8tx.o
                0x0000000008000cb4                Reset_Handler
 .text.Default_Handler
                0x0000000008000cfc        0x2 ./Core/Startup/startup_stm32f103c8tx.o
                0x0000000008000cfc                RTC_Alarm_IRQHandler
                0x0000000008000cfc                EXTI2_IRQHandler
                0x0000000008000cfc                TIM1_CC_IRQHandler
                0x0000000008000cfc                PVD_IRQHandler
                0x0000000008000cfc                EXTI3_IRQHandler
                0x0000000008000cfc                EXTI0_IRQHandler
                0x0000000008000cfc                I2C2_EV_IRQHandler
                0x0000000008000cfc                ADC1_2_IRQHandler
                0x0000000008000cfc                SPI1_IRQHandler
                0x0000000008000cfc                TAMPER_IRQHandler
                0x0000000008000cfc                DMA1_Channel4_IRQHandler
                0x0000000008000cfc                USART3_IRQHandler
                0x0000000008000cfc                RTC_IRQHandler
                0x0000000008000cfc                CAN1_RX1_IRQHandler
                0x0000000008000cfc                TIM4_IRQHandler
                0x0000000008000cfc                I2C1_EV_IRQHandler
                0x0000000008000cfc                TIM3_IRQHandler
                0x0000000008000cfc                RCC_IRQHandler
                0x0000000008000cfc                TIM1_TRG_COM_IRQHandler
                0x0000000008000cfc                DMA1_Channel1_IRQHandler
                0x0000000008000cfc                Default_Handler
                0x0000000008000cfc                EXTI15_10_IRQHandler
                0x0000000008000cfc                EXTI9_5_IRQHandler
                0x0000000008000cfc                SPI2_IRQHandler
                0x0000000008000cfc                DMA1_Channel5_IRQHandler
                0x0000000008000cfc                EXTI4_IRQHandler
                0x0000000008000cfc                USB_LP_CAN1_RX0_IRQHandler
                0x0000000008000cfc                USB_HP_CAN1_TX_IRQHandler
                0x0000000008000cfc                DMA1_Channel3_IRQHandler
                0x0000000008000cfc                TIM1_UP_IRQHandler
                0x0000000008000cfc                WWDG_IRQHandler
                0x0000000008000cfc                TIM2_IRQHandler
                0x0000000008000cfc                TIM1_BRK_IRQHandler
                0x0000000008000cfc                EXTI1_IRQHandler
                0x0000000008000cfc                USART2_IRQHandler
                0x0000000008000cfc                I2C2_ER_IRQHandler
                0x0000000008000cfc                DMA1_Channel2_IRQHandler
                0x0000000008000cfc                CAN1_SCE_IRQHandler
                0x0000000008000cfc                FLASH_IRQHandler
                0x0000000008000cfc                USART1_IRQHandler
                0x0000000008000cfc                I2C1_ER_IRQHandler
                0x0000000008000cfc                USBWakeUp_IRQHandler
 *fill*         0x0000000008000cfe        0x2 
 .text.HAL_Init
                0x0000000008000d00       0x2c ./Drivers/STM32F1xx_HAL_Driver/Src/stm32f1xx_hal.o
                0x0000000008000d00                HAL_Init
 .text.HAL_InitTick
                0x0000000008000d2c       0x60 ./Drivers/STM32F1xx_HAL_Driver/Src/stm32f1xx_hal.o
                0x0000000008000d2c                HAL_InitTick
 .text.HAL_IncTick
                0x0000000008000d8c       0x24 ./Drivers/STM32F1xx_HAL_Driver/Src/stm32f1xx_hal.o
                0x0000000008000d8c                HAL_IncTick
 .text.HAL_GetTick
                0x0000000008000db0       0x14 ./Drivers/STM32F1xx_HAL_Driver/Src/stm32f1xx_hal.o
                0x0000000008000db0                HAL_GetTick
 .text.HAL_CAN_Init
                0x0000000008000dc4      0x1f6 ./Drivers/STM32F1xx_HAL_Driver/Src/stm32f1xx_hal_can.o
                0x0000000008000dc4                HAL_CAN_Init
 *fill*         0x0000000008000fba        0x2 
 .text.__NVIC_SetPriorityGrouping
                0x0000000008000fbc       0x48 ./Drivers/STM32F1xx_HAL_Driver/Src/stm32f1xx_hal_cortex.o
 .text.__NVIC_GetPriorityGrouping
                0x0000000008001004       0x1c ./Drivers/STM32F1xx_HAL_Driver/Src/stm32f1xx_hal_cortex.o
 .text.__NVIC_EnableIRQ
                0x0000000008001020       0x38 ./Drivers/STM32F1xx_HAL_Driver/Src/stm32f1xx_hal_cortex.o
 .text.__NVIC_SetPriority
                0x0000000008001058       0x54 ./Drivers/STM32F1xx_HAL_Driver/Src/stm32f1xx_hal_cortex.o
 .text.NVIC_EncodePriority
                0x00000000080010ac       0x64 ./Drivers/STM32F1xx_HAL_Driver/Src/stm32f1xx_hal_cortex.o
 .text.SysTick_Config
                0x0000000008001110       0x44 ./Drivers/STM32F1xx_HAL_Driver/Src/stm32f1xx_hal_cortex.o
 .text.HAL_NVIC_SetPriorityGrouping
                0x0000000008001154       0x16 ./Drivers/STM32F1xx_HAL_Driver/Src/stm32f1xx_hal_cortex.o
                0x0000000008001154                HAL_NVIC_SetPriorityGrouping
 .text.HAL_NVIC_SetPriority
                0x000000000800116a       0x38 ./Drivers/STM32F1xx_HAL_Driver/Src/stm32f1xx_hal_cortex.o
                0x000000000800116a                HAL_NVIC_SetPriority
 .text.HAL_NVIC_EnableIRQ
                0x00000000080011a2       0x1c ./Drivers/STM32F1xx_HAL_Driver/Src/stm32f1xx_hal_cortex.o
                0x00000000080011a2                HAL_NVIC_EnableIRQ
 .text.HAL_SYSTICK_Config
                0x00000000080011be       0x18 ./Drivers/STM32F1xx_HAL_Driver/Src/stm32f1xx_hal_cortex.o
                0x00000000080011be                HAL_SYSTICK_Config
 .text.HAL_CRC_Init
                0x00000000080011d6       0x38 ./Drivers/STM32F1xx_HAL_Driver/Src/stm32f1xx_hal_crc.o
                0x00000000080011d6                HAL_CRC_Init
 *fill*         0x000000000800120e        0x2 
 .text.HAL_DMA_Init
                0x0000000008001210       0xb4 ./Drivers/STM32F1xx_HAL_Driver/Src/stm32f1xx_hal_dma.o
                0x0000000008001210                HAL_DMA_Init
 .text.HAL_DMA_IRQHandler
                0x00000000080012c4      0x20c ./Drivers/STM32F1xx_HAL_Driver/Src/stm32f1xx_hal_dma.o
                0x00000000080012c4                HAL_DMA_IRQHandler
 .text.HAL_GPIO_Init
                0x00000000080014d0      0x308 ./Drivers/STM32F1xx_HAL_Driver/Src/stm32f1xx_hal_gpio.o
                0x00000000080014d0                HAL_GPIO_Init
 .text.HAL_GPIO_WritePin
                0x00000000080017d8       0x30 ./Drivers/STM32F1xx_HAL_Driver/Src/stm32f1xx_hal_gpio.o
                0x00000000080017d8                HAL_GPIO_WritePin
 .text.HAL_I2C_Init
                0x0000000008001808      0x288 ./Drivers/STM32F1xx_HAL_Driver/Src/stm32f1xx_hal_i2c.o
                0x0000000008001808                HAL_I2C_Init
 .text.HAL_I2C_Mem_Read
                0x0000000008001a90      0x4d0 ./Drivers/STM32F1xx_HAL_Driver/Src/stm32f1xx_hal_i2c.o
                0x0000000008001a90                HAL_I2C_Mem_Read
 .text.I2C_RequestMemoryRead
                0x0000000008001f60      0x1d0 ./Drivers/STM32F1xx_HAL_Driver/Src/stm32f1xx_hal_i2c.o
 .text.I2C_WaitOnFlagUntilTimeout
                0x0000000008002130       0xf4 ./Drivers/STM32F1xx_HAL_Driver/Src/stm32f1xx_hal_i2c.o
 .text.I2C_WaitOnMasterAddressFlagUntilTimeout
                0x0000000008002224      0x140 ./Drivers/STM32F1xx_HAL_Driver/Src/stm32f1xx_hal_i2c.o
 .text.I2C_WaitOnTXEFlagUntilTimeout
                0x0000000008002364       0x90 ./Drivers/STM32F1xx_HAL_Driver/Src/stm32f1xx_hal_i2c.o
 .text.I2C_WaitOnRXNEFlagUntilTimeout
                0x00000000080023f4       0xba ./Drivers/STM32F1xx_HAL_Driver/Src/stm32f1xx_hal_i2c.o
 .text.I2C_IsAcknowledgeFailed
                0x00000000080024ae       0x5c ./Drivers/STM32F1xx_HAL_Driver/Src/stm32f1xx_hal_i2c.o
 *fill*         0x000000000800250a        0x2 
 .text.HAL_RCC_OscConfig
                0x000000000800250c      0x504 ./Drivers/STM32F1xx_HAL_Driver/Src/stm32f1xx_hal_rcc.o
                0x000000000800250c                HAL_RCC_OscConfig
 .text.HAL_RCC_ClockConfig
                0x0000000008002a10      0x1d4 ./Drivers/STM32F1xx_HAL_Driver/Src/stm32f1xx_hal_rcc.o
                0x0000000008002a10                HAL_RCC_ClockConfig
 .text.HAL_RCC_GetSysClockFreq
                0x0000000008002be4       0xa8 ./Drivers/STM32F1xx_HAL_Driver/Src/stm32f1xx_hal_rcc.o
                0x0000000008002be4                HAL_RCC_GetSysClockFreq
 .text.HAL_RCC_GetHCLKFreq
                0x0000000008002c8c       0x14 ./Drivers/STM32F1xx_HAL_Driver/Src/stm32f1xx_hal_rcc.o
                0x0000000008002c8c                HAL_RCC_GetHCLKFreq
 .text.HAL_RCC_GetPCLK1Freq
                0x0000000008002ca0       0x28 ./Drivers/STM32F1xx_HAL_Driver/Src/stm32f1xx_hal_rcc.o
                0x0000000008002ca0                HAL_RCC_GetPCLK1Freq
 .text.HAL_RCC_GetPCLK2Freq
                0x0000000008002cc8       0x28 ./Drivers/STM32F1xx_HAL_Driver/Src/stm32f1xx_hal_rcc.o
                0x0000000008002cc8                HAL_RCC_GetPCLK2Freq
 .text.RCC_Delay
                0x0000000008002cf0       0x3c ./Drivers/STM32F1xx_HAL_Driver/Src/stm32f1xx_hal_rcc.o
 .text.HAL_SPI_Init
                0x0000000008002d2c      0x118 ./Drivers/STM32F1xx_HAL_Driver/Src/stm32f1xx_hal_spi.o
                0x0000000008002d2c                HAL_SPI_Init
 .text.HAL_SPI_TransmitReceive
                0x0000000008002e44      0x470 ./Drivers/STM32F1xx_HAL_Driver/Src/stm32f1xx_hal_spi.o
                0x0000000008002e44                HAL_SPI_TransmitReceive
 .text.HAL_SPI_GetState
                0x00000000080032b4       0x1a ./Drivers/STM32F1xx_HAL_Driver/Src/stm32f1xx_hal_spi.o
                0x00000000080032b4                HAL_SPI_GetState
 *fill*         0x00000000080032ce        0x2 
 .text.SPI_WaitFlagStateUntilTimeout
                0x00000000080032d0      0x110 ./Drivers/STM32F1xx_HAL_Driver/Src/stm32f1xx_hal_spi.o
 .text.SPI_EndRxTxTransaction
                0x00000000080033e0       0x3c ./Drivers/STM32F1xx_HAL_Driver/Src/stm32f1xx_hal_spi.o
 .text.SPI_ISCRCErrorValid
                0x000000000800341c       0x14 ./Drivers/STM32F1xx_HAL_Driver/Src/stm32f1xx_hal_spi.o
                0x000000000800341c                SPI_ISCRCErrorValid
 .text.HAL_UART_Init
                0x0000000008003430       0xa0 ./Drivers/STM32F1xx_HAL_Driver/Src/stm32f1xx_hal_uart.o
                0x0000000008003430                HAL_UART_Init
 .text.HAL_UART_Transmit
                0x00000000080034d0      0x106 ./Drivers/STM32F1xx_HAL_Driver/Src/stm32f1xx_hal_uart.o
                0x00000000080034d0                HAL_UART_Transmit
 .text.UART_WaitOnFlagUntilTimeout
                0x00000000080035d6       0xdc ./Drivers/STM32F1xx_HAL_Driver/Src/stm32f1xx_hal_uart.o
 *fill*         0x00000000080036b2        0x2 
 .text.UART_SetConfig
                0x00000000080036b4      0x11c ./Drivers/STM32F1xx_HAL_Driver/Src/stm32f1xx_hal_uart.o
 .text.__errno  0x00000000080037d0        0xc d:/avip_sokol/stm32cubeide_1.7.0/stm32cubeide/plugins/com.st.stm32cube.ide.mcu.externaltools.gnu-tools-for-stm32.10.3-2021.10.win32_1.0.200.202301161003/tools/bin/../lib/gcc/arm-none-eabi/10.3.1/../../../../arm-none-eabi/lib/thumb/v7-m/nofp\libc_nano.a(lib_a-errno.o)
                0x00000000080037d0                __errno
 .text.__libc_init_array
                0x00000000080037dc       0x48 d:/avip_sokol/stm32cubeide_1.7.0/stm32cubeide/plugins/com.st.stm32cube.ide.mcu.externaltools.gnu-tools-for-stm32.10.3-2021.10.win32_1.0.200.202301161003/tools/bin/../lib/gcc/arm-none-eabi/10.3.1/../../../../arm-none-eabi/lib/thumb/v7-m/nofp\libc_nano.a(lib_a-init.o)
                0x00000000080037dc                __libc_init_array
 .text.memset   0x0000000008003824       0x10 d:/avip_sokol/stm32cubeide_1.7.0/stm32cubeide/plugins/com.st.stm32cube.ide.mcu.externaltools.gnu-tools-for-stm32.10.3-2021.10.win32_1.0.200.202301161003/tools/bin/../lib/gcc/arm-none-eabi/10.3.1/../../../../arm-none-eabi/lib/thumb/v7-m/nofp\libc_nano.a(lib_a-memset.o)
                0x0000000008003824                memset
 .text.sprintf  0x0000000008003834       0x40 d:/avip_sokol/stm32cubeide_1.7.0/stm32cubeide/plugins/com.st.stm32cube.ide.mcu.externaltools.gnu-tools-for-stm32.10.3-2021.10.win32_1.0.200.202301161003/tools/bin/../lib/gcc/arm-none-eabi/10.3.1/../../../../arm-none-eabi/lib/thumb/v7-m/nofp\libc_nano.a(lib_a-sprintf.o)
                0x0000000008003834                siprintf
                0x0000000008003834                sprintf
 .text.__ssputs_r
                0x0000000008003874       0xb6 d:/avip_sokol/stm32cubeide_1.7.0/stm32cubeide/plugins/com.st.stm32cube.ide.mcu.externaltools.gnu-tools-for-stm32.10.3-2021.10.win32_1.0.200.202301161003/tools/bin/../lib/gcc/arm-none-eabi/10.3.1/../../../../arm-none-eabi/lib/thumb/v7-m/nofp\libc_nano.a(lib_a-nano-svfprintf.o)
                0x0000000008003874                __ssputs_r
 *fill*         0x000000000800392a        0x2 
 .text._svfprintf_r
                0x000000000800392c      0x200 d:/avip_sokol/stm32cubeide_1.7.0/stm32cubeide/plugins/com.st.stm32cube.ide.mcu.externaltools.gnu-tools-for-stm32.10.3-2021.10.win32_1.0.200.202301161003/tools/bin/../lib/gcc/arm-none-eabi/10.3.1/../../../../arm-none-eabi/lib/thumb/v7-m/nofp\libc_nano.a(lib_a-nano-svfprintf.o)
                0x000000000800392c                _svfiprintf_r
                0x000000000800392c                _svfprintf_r
 .text._printf_common
                0x0000000008003b2c       0xde d:/avip_sokol/stm32cubeide_1.7.0/stm32cubeide/plugins/com.st.stm32cube.ide.mcu.externaltools.gnu-tools-for-stm32.10.3-2021.10.win32_1.0.200.202301161003/tools/bin/../lib/gcc/arm-none-eabi/10.3.1/../../../../arm-none-eabi/lib/thumb/v7-m/nofp\libc_nano.a(lib_a-nano-vfprintf_i.o)
                0x0000000008003b2c                _printf_common
 *fill*         0x0000000008003c0a        0x2 
 .text._printf_i
                0x0000000008003c0c      0x24c d:/avip_sokol/stm32cubeide_1.7.0/stm32cubeide/plugins/com.st.stm32cube.ide.mcu.externaltools.gnu-tools-for-stm32.10.3-2021.10.win32_1.0.200.202301161003/tools/bin/../lib/gcc/arm-none-eabi/10.3.1/../../../../arm-none-eabi/lib/thumb/v7-m/nofp\libc_nano.a(lib_a-nano-vfprintf_i.o)
                0x0000000008003c0c                _printf_i
 .text.memchr   0x0000000008003e58       0x1c d:/avip_sokol/stm32cubeide_1.7.0/stm32cubeide/plugins/com.st.stm32cube.ide.mcu.externaltools.gnu-tools-for-stm32.10.3-2021.10.win32_1.0.200.202301161003/tools/bin/../lib/gcc/arm-none-eabi/10.3.1/../../../../arm-none-eabi/lib/thumb/v7-m/nofp\libc_nano.a(lib_a-memchr-stub.o)
                0x0000000008003e58                memchr
 .text.memcpy   0x0000000008003e74       0x1c d:/avip_sokol/stm32cubeide_1.7.0/stm32cubeide/plugins/com.st.stm32cube.ide.mcu.externaltools.gnu-tools-for-stm32.10.3-2021.10.win32_1.0.200.202301161003/tools/bin/../lib/gcc/arm-none-eabi/10.3.1/../../../../arm-none-eabi/lib/thumb/v7-m/nofp\libc_nano.a(lib_a-memcpy-stub.o)
                0x0000000008003e74                memcpy
 .text.memmove  0x0000000008003e90       0x34 d:/avip_sokol/stm32cubeide_1.7.0/stm32cubeide/plugins/com.st.stm32cube.ide.mcu.externaltools.gnu-tools-for-stm32.10.3-2021.10.win32_1.0.200.202301161003/tools/bin/../lib/gcc/arm-none-eabi/10.3.1/../../../../arm-none-eabi/lib/thumb/v7-m/nofp\libc_nano.a(lib_a-memmove.o)
                0x0000000008003e90                memmove
 .text._free_r  0x0000000008003ec4       0x90 d:/avip_sokol/stm32cubeide_1.7.0/stm32cubeide/plugins/com.st.stm32cube.ide.mcu.externaltools.gnu-tools-for-stm32.10.3-2021.10.win32_1.0.200.202301161003/tools/bin/../lib/gcc/arm-none-eabi/10.3.1/../../../../arm-none-eabi/lib/thumb/v7-m/nofp\libc_nano.a(lib_a-nano-freer.o)
                0x0000000008003ec4                _free_r
 .text.sbrk_aligned
                0x0000000008003f54       0x40 d:/avip_sokol/stm32cubeide_1.7.0/stm32cubeide/plugins/com.st.stm32cube.ide.mcu.externaltools.gnu-tools-for-stm32.10.3-2021.10.win32_1.0.200.202301161003/tools/bin/../lib/gcc/arm-none-eabi/10.3.1/../../../../arm-none-eabi/lib/thumb/v7-m/nofp\libc_nano.a(lib_a-nano-mallocr.o)
 .text._malloc_r
                0x0000000008003f94       0xe8 d:/avip_sokol/stm32cubeide_1.7.0/stm32cubeide/plugins/com.st.stm32cube.ide.mcu.externaltools.gnu-tools-for-stm32.10.3-2021.10.win32_1.0.200.202301161003/tools/bin/../lib/gcc/arm-none-eabi/10.3.1/../../../../arm-none-eabi/lib/thumb/v7-m/nofp\libc_nano.a(lib_a-nano-mallocr.o)
                0x0000000008003f94                _malloc_r
 .text._realloc_r
                0x000000000800407c       0x5e d:/avip_sokol/stm32cubeide_1.7.0/stm32cubeide/plugins/com.st.stm32cube.ide.mcu.externaltools.gnu-tools-for-stm32.10.3-2021.10.win32_1.0.200.202301161003/tools/bin/../lib/gcc/arm-none-eabi/10.3.1/../../../../arm-none-eabi/lib/thumb/v7-m/nofp\libc_nano.a(lib_a-nano-reallocr.o)
                0x000000000800407c                _realloc_r
 *fill*         0x00000000080040da        0x2 
 .text._sbrk_r  0x00000000080040dc       0x20 d:/avip_sokol/stm32cubeide_1.7.0/stm32cubeide/plugins/com.st.stm32cube.ide.mcu.externaltools.gnu-tools-for-stm32.10.3-2021.10.win32_1.0.200.202301161003/tools/bin/../lib/gcc/arm-none-eabi/10.3.1/../../../../arm-none-eabi/lib/thumb/v7-m/nofp\libc_nano.a(lib_a-sbrkr.o)
                0x00000000080040dc                _sbrk_r
 .text.__malloc_lock
                0x00000000080040fc        0xc d:/avip_sokol/stm32cubeide_1.7.0/stm32cubeide/plugins/com.st.stm32cube.ide.mcu.externaltools.gnu-tools-for-stm32.10.3-2021.10.win32_1.0.200.202301161003/tools/bin/../lib/gcc/arm-none-eabi/10.3.1/../../../../arm-none-eabi/lib/thumb/v7-m/nofp\libc_nano.a(lib_a-mlock.o)
                0x00000000080040fc                __malloc_lock
 .text.__malloc_unlock
                0x0000000008004108        0xc d:/avip_sokol/stm32cubeide_1.7.0/stm32cubeide/plugins/com.st.stm32cube.ide.mcu.externaltools.gnu-tools-for-stm32.10.3-2021.10.win32_1.0.200.202301161003/tools/bin/../lib/gcc/arm-none-eabi/10.3.1/../../../../arm-none-eabi/lib/thumb/v7-m/nofp\libc_nano.a(lib_a-mlock.o)
                0x0000000008004108                __malloc_unlock
 .text._malloc_usable_size_r
                0x0000000008004114       0x10 d:/avip_sokol/stm32cubeide_1.7.0/stm32cubeide/plugins/com.st.stm32cube.ide.mcu.externaltools.gnu-tools-for-stm32.10.3-2021.10.win32_1.0.200.202301161003/tools/bin/../lib/gcc/arm-none-eabi/10.3.1/../../../../arm-none-eabi/lib/thumb/v7-m/nofp\libc_nano.a(lib_a-nano-msizer.o)
                0x0000000008004114                _malloc_usable_size_r
 .text.__retarget_lock_acquire_recursive
                0x0000000008004124        0x2 d:/avip_sokol/stm32cubeide_1.7.0/stm32cubeide/plugins/com.st.stm32cube.ide.mcu.externaltools.gnu-tools-for-stm32.10.3-2021.10.win32_1.0.200.202301161003/tools/bin/../lib/gcc/arm-none-eabi/10.3.1/../../../../arm-none-eabi/lib/thumb/v7-m/nofp\libc_nano.a(lib_a-lock.o)
                0x0000000008004124                __retarget_lock_acquire_recursive
 .text.__retarget_lock_release_recursive
                0x0000000008004126        0x2 d:/avip_sokol/stm32cubeide_1.7.0/stm32cubeide/plugins/com.st.stm32cube.ide.mcu.externaltools.gnu-tools-for-stm32.10.3-2021.10.win32_1.0.200.202301161003/tools/bin/../lib/gcc/arm-none-eabi/10.3.1/../../../../arm-none-eabi/lib/thumb/v7-m/nofp\libc_nano.a(lib_a-lock.o)
                0x0000000008004126                __retarget_lock_release_recursive
 *(.glue_7)
 .glue_7        0x0000000008004128        0x0 linker stubs
 *(.glue_7t)
 .glue_7t       0x0000000008004128        0x0 linker stubs
 *(.eh_frame)
 .eh_frame      0x0000000008004128        0x0 d:/avip_sokol/stm32cubeide_1.7.0/stm32cubeide/plugins/com.st.stm32cube.ide.mcu.externaltools.gnu-tools-for-stm32.10.3-2021.10.win32_1.0.200.202301161003/tools/bin/../lib/gcc/arm-none-eabi/10.3.1/thumb/v7-m/nofp/crtbegin.o
 *(.init)
 .init          0x0000000008004128        0x4 d:/avip_sokol/stm32cubeide_1.7.0/stm32cubeide/plugins/com.st.stm32cube.ide.mcu.externaltools.gnu-tools-for-stm32.10.3-2021.10.win32_1.0.200.202301161003/tools/bin/../lib/gcc/arm-none-eabi/10.3.1/thumb/v7-m/nofp/crti.o
                0x0000000008004128                _init
 .init          0x000000000800412c        0x8 d:/avip_sokol/stm32cubeide_1.7.0/stm32cubeide/plugins/com.st.stm32cube.ide.mcu.externaltools.gnu-tools-for-stm32.10.3-2021.10.win32_1.0.200.202301161003/tools/bin/../lib/gcc/arm-none-eabi/10.3.1/thumb/v7-m/nofp/crtn.o
 *(.fini)
 .fini          0x0000000008004134        0x4 d:/avip_sokol/stm32cubeide_1.7.0/stm32cubeide/plugins/com.st.stm32cube.ide.mcu.externaltools.gnu-tools-for-stm32.10.3-2021.10.win32_1.0.200.202301161003/tools/bin/../lib/gcc/arm-none-eabi/10.3.1/thumb/v7-m/nofp/crti.o
                0x0000000008004134                _fini
 .fini          0x0000000008004138        0x8 d:/avip_sokol/stm32cubeide_1.7.0/stm32cubeide/plugins/com.st.stm32cube.ide.mcu.externaltools.gnu-tools-for-stm32.10.3-2021.10.win32_1.0.200.202301161003/tools/bin/../lib/gcc/arm-none-eabi/10.3.1/thumb/v7-m/nofp/crtn.o
                0x0000000008004140                . = ALIGN (0x4)
                0x0000000008004140                _etext = .

.vfp11_veneer   0x0000000008004140        0x0
 .vfp11_veneer  0x0000000008004140        0x0 linker stubs

.v4_bx          0x0000000008004140        0x0
 .v4_bx         0x0000000008004140        0x0 linker stubs

.iplt           0x0000000008004140        0x0
 .iplt          0x0000000008004140        0x0 d:/avip_sokol/stm32cubeide_1.7.0/stm32cubeide/plugins/com.st.stm32cube.ide.mcu.externaltools.gnu-tools-for-stm32.10.3-2021.10.win32_1.0.200.202301161003/tools/bin/../lib/gcc/arm-none-eabi/10.3.1/thumb/v7-m/nofp/crtbegin.o

.rodata         0x0000000008004140       0x84
                0x0000000008004140                . = ALIGN (0x4)
 *(.rodata)
 .rodata        0x0000000008004140       0x23 ./Core/Src/RS_485.o
 *(.rodata*)
 *fill*         0x0000000008004163        0x1 
 .rodata.AHBPrescTable
                0x0000000008004164       0x10 ./Core/Src/system_stm32f1xx.o
                0x0000000008004164                AHBPrescTable
 .rodata.APBPrescTable
                0x0000000008004174        0x8 ./Core/Src/system_stm32f1xx.o
                0x0000000008004174                APBPrescTable
 .rodata.aPLLMULFactorTable.1
                0x000000000800417c       0x10 ./Drivers/STM32F1xx_HAL_Driver/Src/stm32f1xx_hal_rcc.o
 .rodata.aPredivFactorTable.0
                0x000000000800418c        0x2 ./Drivers/STM32F1xx_HAL_Driver/Src/stm32f1xx_hal_rcc.o
 .rodata._svfprintf_r.str1.1
                0x000000000800418e       0x11 d:/avip_sokol/stm32cubeide_1.7.0/stm32cubeide/plugins/com.st.stm32cube.ide.mcu.externaltools.gnu-tools-for-stm32.10.3-2021.10.win32_1.0.200.202301161003/tools/bin/../lib/gcc/arm-none-eabi/10.3.1/../../../../arm-none-eabi/lib/thumb/v7-m/nofp\libc_nano.a(lib_a-nano-svfprintf.o)
 .rodata._printf_i.str1.1
                0x000000000800419f       0x22 d:/avip_sokol/stm32cubeide_1.7.0/stm32cubeide/plugins/com.st.stm32cube.ide.mcu.externaltools.gnu-tools-for-stm32.10.3-2021.10.win32_1.0.200.202301161003/tools/bin/../lib/gcc/arm-none-eabi/10.3.1/../../../../arm-none-eabi/lib/thumb/v7-m/nofp\libc_nano.a(lib_a-nano-vfprintf_i.o)
                0x00000000080041c4                . = ALIGN (0x4)
 *fill*         0x00000000080041c1        0x3 

.rel.dyn        0x00000000080041c4        0x0
 .rel.iplt      0x00000000080041c4        0x0 d:/avip_sokol/stm32cubeide_1.7.0/stm32cubeide/plugins/com.st.stm32cube.ide.mcu.externaltools.gnu-tools-for-stm32.10.3-2021.10.win32_1.0.200.202301161003/tools/bin/../lib/gcc/arm-none-eabi/10.3.1/thumb/v7-m/nofp/crtbegin.o

.ARM.extab      0x00000000080041c4        0x0
                0x00000000080041c4                . = ALIGN (0x4)
 *(.ARM.extab* .gnu.linkonce.armextab.*)
                0x00000000080041c4                . = ALIGN (0x4)

.ARM            0x00000000080041c4        0x0
                0x00000000080041c4                . = ALIGN (0x4)
                0x00000000080041c4                __exidx_start = .
 *(.ARM.exidx*)
                0x00000000080041c4                __exidx_end = .
                0x00000000080041c4                . = ALIGN (0x4)

.preinit_array  0x00000000080041c4        0x0
                0x00000000080041c4                . = ALIGN (0x4)
                0x00000000080041c4                PROVIDE (__preinit_array_start = .)
 *(.preinit_array*)
                0x00000000080041c4                PROVIDE (__preinit_array_end = .)
                0x00000000080041c4                . = ALIGN (0x4)

.init_array     0x00000000080041c4        0x4
                0x00000000080041c4                . = ALIGN (0x4)
                0x00000000080041c4                PROVIDE (__init_array_start = .)
 *(SORT_BY_NAME(.init_array.*))
 *(.init_array*)
 .init_array    0x00000000080041c4        0x4 d:/avip_sokol/stm32cubeide_1.7.0/stm32cubeide/plugins/com.st.stm32cube.ide.mcu.externaltools.gnu-tools-for-stm32.10.3-2021.10.win32_1.0.200.202301161003/tools/bin/../lib/gcc/arm-none-eabi/10.3.1/thumb/v7-m/nofp/crtbegin.o
                0x00000000080041c8                PROVIDE (__init_array_end = .)
                0x00000000080041c8                . = ALIGN (0x4)

.fini_array     0x00000000080041c8        0x4
                0x00000000080041c8                . = ALIGN (0x4)
                [!provide]                        PROVIDE (__fini_array_start = .)
 *(SORT_BY_NAME(.fini_array.*))
 *(.fini_array*)
 .fini_array    0x00000000080041c8        0x4 d:/avip_sokol/stm32cubeide_1.7.0/stm32cubeide/plugins/com.st.stm32cube.ide.mcu.externaltools.gnu-tools-for-stm32.10.3-2021.10.win32_1.0.200.202301161003/tools/bin/../lib/gcc/arm-none-eabi/10.3.1/thumb/v7-m/nofp/crtbegin.o
                [!provide]                        PROVIDE (__fini_array_end = .)
                0x00000000080041cc                . = ALIGN (0x4)
                0x00000000080041cc                _sidata = LOADADDR (.data)

.data           0x0000000020000000       0x74 load address 0x00000000080041cc
                0x0000000020000000                . = ALIGN (0x4)
                0x0000000020000000                _sdata = .
 *(.data)
 *(.data*)
 .data.ACC_set  0x0000000020000000        0x4 ./Core/Src/ACC_init.o
                0x0000000020000000                ACC_set
 .data.SystemCoreClock
                0x0000000020000004        0x4 ./Core/Src/system_stm32f1xx.o
                0x0000000020000004                SystemCoreClock
 .data.uwTickPrio
                0x0000000020000008        0x4 ./Drivers/STM32F1xx_HAL_Driver/Src/stm32f1xx_hal.o
                0x0000000020000008                uwTickPrio
 .data.uwTickFreq
                0x000000002000000c        0x1 ./Drivers/STM32F1xx_HAL_Driver/Src/stm32f1xx_hal.o
                0x000000002000000c                uwTickFreq
 *fill*         0x000000002000000d        0x3 
 .data._impure_ptr
                0x0000000020000010        0x4 d:/avip_sokol/stm32cubeide_1.7.0/stm32cubeide/plugins/com.st.stm32cube.ide.mcu.externaltools.gnu-tools-for-stm32.10.3-2021.10.win32_1.0.200.202301161003/tools/bin/../lib/gcc/arm-none-eabi/10.3.1/../../../../arm-none-eabi/lib/thumb/v7-m/nofp\libc_nano.a(lib_a-impure.o)
                0x0000000020000010                _impure_ptr
 .data.impure_data
                0x0000000020000014       0x60 d:/avip_sokol/stm32cubeide_1.7.0/stm32cubeide/plugins/com.st.stm32cube.ide.mcu.externaltools.gnu-tools-for-stm32.10.3-2021.10.win32_1.0.200.202301161003/tools/bin/../lib/gcc/arm-none-eabi/10.3.1/../../../../arm-none-eabi/lib/thumb/v7-m/nofp\libc_nano.a(lib_a-impure.o)
 *(.RamFunc)
 *(.RamFunc*)
                0x0000000020000074                . = ALIGN (0x4)
                0x0000000020000074                _edata = .

.igot.plt       0x0000000020000074        0x0 load address 0x0000000008004240
 .igot.plt      0x0000000020000074        0x0 d:/avip_sokol/stm32cubeide_1.7.0/stm32cubeide/plugins/com.st.stm32cube.ide.mcu.externaltools.gnu-tools-for-stm32.10.3-2021.10.win32_1.0.200.202301161003/tools/bin/../lib/gcc/arm-none-eabi/10.3.1/thumb/v7-m/nofp/crtbegin.o
                0x0000000020000074                . = ALIGN (0x4)

.bss            0x0000000020000074      0x1fc load address 0x0000000008004240
                0x0000000020000074                _sbss = .
                0x0000000020000074                __bss_start__ = _sbss
 *(.bss)
 .bss           0x0000000020000074       0x1c d:/avip_sokol/stm32cubeide_1.7.0/stm32cubeide/plugins/com.st.stm32cube.ide.mcu.externaltools.gnu-tools-for-stm32.10.3-2021.10.win32_1.0.200.202301161003/tools/bin/../lib/gcc/arm-none-eabi/10.3.1/thumb/v7-m/nofp/crtbegin.o
 *(.bss*)
 .bss.OUT       0x0000000020000090        0x6 ./Core/Src/ACC_init.o
                0x0000000020000090                OUT
 *fill*         0x0000000020000096        0x2 
 .bss.rs        0x0000000020000098       0x14 ./Core/Src/RS_485.o
                0x0000000020000098                rs
 .bss.hcan      0x00000000200000ac       0x28 ./Core/Src/main.o
                0x00000000200000ac                hcan
 .bss.hcrc      0x00000000200000d4        0x8 ./Core/Src/main.o
                0x00000000200000d4                hcrc
 .bss.hi2c1     0x00000000200000dc       0x54 ./Core/Src/main.o
                0x00000000200000dc                hi2c1
 .bss.hdma_i2c1_rx
                0x0000000020000130       0x44 ./Core/Src/main.o
                0x0000000020000130                hdma_i2c1_rx
 .bss.hdma_i2c1_tx
                0x0000000020000174       0x44 ./Core/Src/main.o
                0x0000000020000174                hdma_i2c1_tx
 .bss.hspi1     0x00000000200001b8       0x58 ./Core/Src/main.o
                0x00000000200001b8                hspi1
 .bss.huart1    0x0000000020000210       0x48 ./Core/Src/main.o
                0x0000000020000210                huart1
 .bss.__sbrk_heap_end
                0x0000000020000258        0x4 ./Core/Src/sysmem.o
 .bss.uwTick    0x000000002000025c        0x4 ./Drivers/STM32F1xx_HAL_Driver/Src/stm32f1xx_hal.o
                0x000000002000025c                uwTick
 .bss.__malloc_free_list
                0x0000000020000260        0x4 d:/avip_sokol/stm32cubeide_1.7.0/stm32cubeide/plugins/com.st.stm32cube.ide.mcu.externaltools.gnu-tools-for-stm32.10.3-2021.10.win32_1.0.200.202301161003/tools/bin/../lib/gcc/arm-none-eabi/10.3.1/../../../../arm-none-eabi/lib/thumb/v7-m/nofp\libc_nano.a(lib_a-nano-mallocr.o)
                0x0000000020000260                __malloc_free_list
 .bss.__malloc_sbrk_start
                0x0000000020000264        0x4 d:/avip_sokol/stm32cubeide_1.7.0/stm32cubeide/plugins/com.st.stm32cube.ide.mcu.externaltools.gnu-tools-for-stm32.10.3-2021.10.win32_1.0.200.202301161003/tools/bin/../lib/gcc/arm-none-eabi/10.3.1/../../../../arm-none-eabi/lib/thumb/v7-m/nofp\libc_nano.a(lib_a-nano-mallocr.o)
                0x0000000020000264                __malloc_sbrk_start
 .bss.errno     0x0000000020000268        0x4 d:/avip_sokol/stm32cubeide_1.7.0/stm32cubeide/plugins/com.st.stm32cube.ide.mcu.externaltools.gnu-tools-for-stm32.10.3-2021.10.win32_1.0.200.202301161003/tools/bin/../lib/gcc/arm-none-eabi/10.3.1/../../../../arm-none-eabi/lib/thumb/v7-m/nofp\libc_nano.a(lib_a-reent.o)
                0x0000000020000268                errno
 .bss.__lock___malloc_recursive_mutex
                0x000000002000026c        0x1 d:/avip_sokol/stm32cubeide_1.7.0/stm32cubeide/plugins/com.st.stm32cube.ide.mcu.externaltools.gnu-tools-for-stm32.10.3-2021.10.win32_1.0.200.202301161003/tools/bin/../lib/gcc/arm-none-eabi/10.3.1/../../../../arm-none-eabi/lib/thumb/v7-m/nofp\libc_nano.a(lib_a-lock.o)
                0x000000002000026c                __lock___malloc_recursive_mutex
 *(COMMON)
                0x0000000020000270                . = ALIGN (0x4)
 *fill*         0x000000002000026d        0x3 
                0x0000000020000270                _ebss = .
                0x0000000020000270                __bss_end__ = _ebss

._user_heap_stack
                0x0000000020000270      0x600 load address 0x0000000008004240
                0x0000000020000270                . = ALIGN (0x8)
                [!provide]                        PROVIDE (end = .)
                0x0000000020000270                PROVIDE (_end = .)
                0x0000000020000470                . = (. + _Min_Heap_Size)
 *fill*         0x0000000020000270      0x200 
                0x0000000020000870                . = (. + _Min_Stack_Size)
 *fill*         0x0000000020000470      0x400 
                0x0000000020000870                . = ALIGN (0x8)

/DISCARD/
 libc.a(*)
 libm.a(*)
 libgcc.a(*)

.ARM.attributes
                0x0000000000000000       0x29
 *(.ARM.attributes)
 .ARM.attributes
                0x0000000000000000       0x1d d:/avip_sokol/stm32cubeide_1.7.0/stm32cubeide/plugins/com.st.stm32cube.ide.mcu.externaltools.gnu-tools-for-stm32.10.3-2021.10.win32_1.0.200.202301161003/tools/bin/../lib/gcc/arm-none-eabi/10.3.1/thumb/v7-m/nofp/crti.o
 .ARM.attributes
                0x000000000000001d       0x2d d:/avip_sokol/stm32cubeide_1.7.0/stm32cubeide/plugins/com.st.stm32cube.ide.mcu.externaltools.gnu-tools-for-stm32.10.3-2021.10.win32_1.0.200.202301161003/tools/bin/../lib/gcc/arm-none-eabi/10.3.1/thumb/v7-m/nofp/crtbegin.o
 .ARM.attributes
                0x000000000000004a       0x2d ./Core/Src/ACC_init.o
 .ARM.attributes
                0x0000000000000077       0x2d ./Core/Src/MCP2515.o
 .ARM.attributes
                0x00000000000000a4       0x2d ./Core/Src/RS_485.o
 .ARM.attributes
                0x00000000000000d1       0x2d ./Core/Src/main.o
 .ARM.attributes
                0x00000000000000fe       0x2d ./Core/Src/stm32f1xx_hal_msp.o
 .ARM.attributes
                0x000000000000012b       0x2d ./Core/Src/stm32f1xx_it.o
 .ARM.attributes
                0x0000000000000158       0x2d ./Core/Src/sysmem.o
 .ARM.attributes
                0x0000000000000185       0x2d ./Core/Src/system_stm32f1xx.o
 .ARM.attributes
                0x00000000000001b2       0x21 ./Core/Startup/startup_stm32f103c8tx.o
 .ARM.attributes
                0x00000000000001d3       0x2d ./Drivers/STM32F1xx_HAL_Driver/Src/stm32f1xx_hal.o
 .ARM.attributes
                0x0000000000000200       0x2d ./Drivers/STM32F1xx_HAL_Driver/Src/stm32f1xx_hal_can.o
 .ARM.attributes
                0x000000000000022d       0x2d ./Drivers/STM32F1xx_HAL_Driver/Src/stm32f1xx_hal_cortex.o
 .ARM.attributes
                0x000000000000025a       0x2d ./Drivers/STM32F1xx_HAL_Driver/Src/stm32f1xx_hal_crc.o
 .ARM.attributes
                0x0000000000000287       0x2d ./Drivers/STM32F1xx_HAL_Driver/Src/stm32f1xx_hal_dma.o
 .ARM.attributes
                0x00000000000002b4       0x2d ./Drivers/STM32F1xx_HAL_Driver/Src/stm32f1xx_hal_gpio.o
 .ARM.attributes
                0x00000000000002e1       0x2d ./Drivers/STM32F1xx_HAL_Driver/Src/stm32f1xx_hal_i2c.o
 .ARM.attributes
                0x000000000000030e       0x2d ./Drivers/STM32F1xx_HAL_Driver/Src/stm32f1xx_hal_rcc.o
 .ARM.attributes
                0x000000000000033b       0x2d ./Drivers/STM32F1xx_HAL_Driver/Src/stm32f1xx_hal_spi.o
 .ARM.attributes
                0x0000000000000368       0x2d ./Drivers/STM32F1xx_HAL_Driver/Src/stm32f1xx_hal_uart.o
 .ARM.attributes
                0x0000000000000395       0x2d d:/avip_sokol/stm32cubeide_1.7.0/stm32cubeide/plugins/com.st.stm32cube.ide.mcu.externaltools.gnu-tools-for-stm32.10.3-2021.10.win32_1.0.200.202301161003/tools/bin/../lib/gcc/arm-none-eabi/10.3.1/../../../../arm-none-eabi/lib/thumb/v7-m/nofp\libc_nano.a(lib_a-errno.o)
 .ARM.attributes
                0x00000000000003c2       0x2d d:/avip_sokol/stm32cubeide_1.7.0/stm32cubeide/plugins/com.st.stm32cube.ide.mcu.externaltools.gnu-tools-for-stm32.10.3-2021.10.win32_1.0.200.202301161003/tools/bin/../lib/gcc/arm-none-eabi/10.3.1/../../../../arm-none-eabi/lib/thumb/v7-m/nofp\libc_nano.a(lib_a-impure.o)
 .ARM.attributes
                0x00000000000003ef       0x2d d:/avip_sokol/stm32cubeide_1.7.0/stm32cubeide/plugins/com.st.stm32cube.ide.mcu.externaltools.gnu-tools-for-stm32.10.3-2021.10.win32_1.0.200.202301161003/tools/bin/../lib/gcc/arm-none-eabi/10.3.1/../../../../arm-none-eabi/lib/thumb/v7-m/nofp\libc_nano.a(lib_a-init.o)
 .ARM.attributes
                0x000000000000041c       0x2d d:/avip_sokol/stm32cubeide_1.7.0/stm32cubeide/plugins/com.st.stm32cube.ide.mcu.externaltools.gnu-tools-for-stm32.10.3-2021.10.win32_1.0.200.202301161003/tools/bin/../lib/gcc/arm-none-eabi/10.3.1/../../../../arm-none-eabi/lib/thumb/v7-m/nofp\libc_nano.a(lib_a-memset.o)
 .ARM.attributes
                0x0000000000000449       0x2d d:/avip_sokol/stm32cubeide_1.7.0/stm32cubeide/plugins/com.st.stm32cube.ide.mcu.externaltools.gnu-tools-for-stm32.10.3-2021.10.win32_1.0.200.202301161003/tools/bin/../lib/gcc/arm-none-eabi/10.3.1/../../../../arm-none-eabi/lib/thumb/v7-m/nofp\libc_nano.a(lib_a-sprintf.o)
 .ARM.attributes
                0x0000000000000476       0x17 d:/avip_sokol/stm32cubeide_1.7.0/stm32cubeide/plugins/com.st.stm32cube.ide.mcu.externaltools.gnu-tools-for-stm32.10.3-2021.10.win32_1.0.200.202301161003/tools/bin/../lib/gcc/arm-none-eabi/10.3.1/../../../../arm-none-eabi/lib/thumb/v7-m/nofp\libc_nano.a(lib_a-strlen.o)
 .ARM.attributes
                0x000000000000048d       0x2d d:/avip_sokol/stm32cubeide_1.7.0/stm32cubeide/plugins/com.st.stm32cube.ide.mcu.externaltools.gnu-tools-for-stm32.10.3-2021.10.win32_1.0.200.202301161003/tools/bin/../lib/gcc/arm-none-eabi/10.3.1/../../../../arm-none-eabi/lib/thumb/v7-m/nofp\libc_nano.a(lib_a-nano-svfprintf.o)
 .ARM.attributes
                0x00000000000004ba       0x2d d:/avip_sokol/stm32cubeide_1.7.0/stm32cubeide/plugins/com.st.stm32cube.ide.mcu.externaltools.gnu-tools-for-stm32.10.3-2021.10.win32_1.0.200.202301161003/tools/bin/../lib/gcc/arm-none-eabi/10.3.1/../../../../arm-none-eabi/lib/thumb/v7-m/nofp\libc_nano.a(lib_a-nano-vfprintf_i.o)
 .ARM.attributes
                0x00000000000004e7       0x2d d:/avip_sokol/stm32cubeide_1.7.0/stm32cubeide/plugins/com.st.stm32cube.ide.mcu.externaltools.gnu-tools-for-stm32.10.3-2021.10.win32_1.0.200.202301161003/tools/bin/../lib/gcc/arm-none-eabi/10.3.1/../../../../arm-none-eabi/lib/thumb/v7-m/nofp\libc_nano.a(lib_a-memchr-stub.o)
 .ARM.attributes
                0x0000000000000514       0x2d d:/avip_sokol/stm32cubeide_1.7.0/stm32cubeide/plugins/com.st.stm32cube.ide.mcu.externaltools.gnu-tools-for-stm32.10.3-2021.10.win32_1.0.200.202301161003/tools/bin/../lib/gcc/arm-none-eabi/10.3.1/../../../../arm-none-eabi/lib/thumb/v7-m/nofp\libc_nano.a(lib_a-memcpy-stub.o)
 .ARM.attributes
                0x0000000000000541       0x2d d:/avip_sokol/stm32cubeide_1.7.0/stm32cubeide/plugins/com.st.stm32cube.ide.mcu.externaltools.gnu-tools-for-stm32.10.3-2021.10.win32_1.0.200.202301161003/tools/bin/../lib/gcc/arm-none-eabi/10.3.1/../../../../arm-none-eabi/lib/thumb/v7-m/nofp\libc_nano.a(lib_a-memmove.o)
 .ARM.attributes
                0x000000000000056e       0x2d d:/avip_sokol/stm32cubeide_1.7.0/stm32cubeide/plugins/com.st.stm32cube.ide.mcu.externaltools.gnu-tools-for-stm32.10.3-2021.10.win32_1.0.200.202301161003/tools/bin/../lib/gcc/arm-none-eabi/10.3.1/../../../../arm-none-eabi/lib/thumb/v7-m/nofp\libc_nano.a(lib_a-nano-freer.o)
 .ARM.attributes
                0x000000000000059b       0x2d d:/avip_sokol/stm32cubeide_1.7.0/stm32cubeide/plugins/com.st.stm32cube.ide.mcu.externaltools.gnu-tools-for-stm32.10.3-2021.10.win32_1.0.200.202301161003/tools/bin/../lib/gcc/arm-none-eabi/10.3.1/../../../../arm-none-eabi/lib/thumb/v7-m/nofp\libc_nano.a(lib_a-nano-mallocr.o)
 .ARM.attributes
                0x00000000000005c8       0x2d d:/avip_sokol/stm32cubeide_1.7.0/stm32cubeide/plugins/com.st.stm32cube.ide.mcu.externaltools.gnu-tools-for-stm32.10.3-2021.10.win32_1.0.200.202301161003/tools/bin/../lib/gcc/arm-none-eabi/10.3.1/../../../../arm-none-eabi/lib/thumb/v7-m/nofp\libc_nano.a(lib_a-nano-reallocr.o)
 .ARM.attributes
                0x00000000000005f5       0x2d d:/avip_sokol/stm32cubeide_1.7.0/stm32cubeide/plugins/com.st.stm32cube.ide.mcu.externaltools.gnu-tools-for-stm32.10.3-2021.10.win32_1.0.200.202301161003/tools/bin/../lib/gcc/arm-none-eabi/10.3.1/../../../../arm-none-eabi/lib/thumb/v7-m/nofp\libc_nano.a(lib_a-sbrkr.o)
 .ARM.attributes
                0x0000000000000622       0x2d d:/avip_sokol/stm32cubeide_1.7.0/stm32cubeide/plugins/com.st.stm32cube.ide.mcu.externaltools.gnu-tools-for-stm32.10.3-2021.10.win32_1.0.200.202301161003/tools/bin/../lib/gcc/arm-none-eabi/10.3.1/../../../../arm-none-eabi/lib/thumb/v7-m/nofp\libc_nano.a(lib_a-mlock.o)
 .ARM.attributes
                0x000000000000064f       0x2d d:/avip_sokol/stm32cubeide_1.7.0/stm32cubeide/plugins/com.st.stm32cube.ide.mcu.externaltools.gnu-tools-for-stm32.10.3-2021.10.win32_1.0.200.202301161003/tools/bin/../lib/gcc/arm-none-eabi/10.3.1/../../../../arm-none-eabi/lib/thumb/v7-m/nofp\libc_nano.a(lib_a-nano-msizer.o)
 .ARM.attributes
                0x000000000000067c       0x2d d:/avip_sokol/stm32cubeide_1.7.0/stm32cubeide/plugins/com.st.stm32cube.ide.mcu.externaltools.gnu-tools-for-stm32.10.3-2021.10.win32_1.0.200.202301161003/tools/bin/../lib/gcc/arm-none-eabi/10.3.1/../../../../arm-none-eabi/lib/thumb/v7-m/nofp\libc_nano.a(lib_a-reent.o)
 .ARM.attributes
                0x00000000000006a9       0x2d d:/avip_sokol/stm32cubeide_1.7.0/stm32cubeide/plugins/com.st.stm32cube.ide.mcu.externaltools.gnu-tools-for-stm32.10.3-2021.10.win32_1.0.200.202301161003/tools/bin/../lib/gcc/arm-none-eabi/10.3.1/../../../../arm-none-eabi/lib/thumb/v7-m/nofp\libc_nano.a(lib_a-lock.o)
 .ARM.attributes
                0x00000000000006d6       0x1d d:/avip_sokol/stm32cubeide_1.7.0/stm32cubeide/plugins/com.st.stm32cube.ide.mcu.externaltools.gnu-tools-for-stm32.10.3-2021.10.win32_1.0.200.202301161003/tools/bin/../lib/gcc/arm-none-eabi/10.3.1/thumb/v7-m/nofp/crtn.o
OUTPUT(ACC_Project.elf elf32-littlearm)
LOAD linker stubs
LOAD d:/avip_sokol/stm32cubeide_1.7.0/stm32cubeide/plugins/com.st.stm32cube.ide.mcu.externaltools.gnu-tools-for-stm32.10.3-2021.10.win32_1.0.200.202301161003/tools/bin/../lib/gcc/arm-none-eabi/10.3.1/../../../../arm-none-eabi/lib/thumb/v7-m/nofp\libc.a
LOAD d:/avip_sokol/stm32cubeide_1.7.0/stm32cubeide/plugins/com.st.stm32cube.ide.mcu.externaltools.gnu-tools-for-stm32.10.3-2021.10.win32_1.0.200.202301161003/tools/bin/../lib/gcc/arm-none-eabi/10.3.1/../../../../arm-none-eabi/lib/thumb/v7-m/nofp\libm.a
LOAD d:/avip_sokol/stm32cubeide_1.7.0/stm32cubeide/plugins/com.st.stm32cube.ide.mcu.externaltools.gnu-tools-for-stm32.10.3-2021.10.win32_1.0.200.202301161003/tools/bin/../lib/gcc/arm-none-eabi/10.3.1/thumb/v7-m/nofp\libgcc.a

.debug_info     0x0000000000000000    0x1016a
 .debug_info    0x0000000000000000      0xe27 ./Core/Src/ACC_init.o
 .debug_info    0x0000000000000e27      0xa9a ./Core/Src/MCP2515.o
 .debug_info    0x00000000000018c1      0x825 ./Core/Src/RS_485.o
 .debug_info    0x00000000000020e6     0x1778 ./Core/Src/main.o
 .debug_info    0x000000000000385e     0x14f8 ./Core/Src/stm32f1xx_hal_msp.o
 .debug_info    0x0000000000004d56      0x3c3 ./Core/Src/stm32f1xx_it.o
 .debug_info    0x0000000000005119      0x171 ./Core/Src/sysmem.o
 .debug_info    0x000000000000528a      0x23d ./Core/Src/system_stm32f1xx.o
 .debug_info    0x00000000000054c7       0x22 ./Core/Startup/startup_stm32f103c8tx.o
 .debug_info    0x00000000000054e9      0x734 ./Drivers/STM32F1xx_HAL_Driver/Src/stm32f1xx_hal.o
 .debug_info    0x0000000000005c1d      0xfd7 ./Drivers/STM32F1xx_HAL_Driver/Src/stm32f1xx_hal_can.o
 .debug_info    0x0000000000006bf4      0xb20 ./Drivers/STM32F1xx_HAL_Driver/Src/stm32f1xx_hal_cortex.o
 .debug_info    0x0000000000007714      0x3b1 ./Drivers/STM32F1xx_HAL_Driver/Src/stm32f1xx_hal_crc.o
 .debug_info    0x0000000000007ac5      0x744 ./Drivers/STM32F1xx_HAL_Driver/Src/stm32f1xx_hal_dma.o
 .debug_info    0x0000000000008209      0x615 ./Drivers/STM32F1xx_HAL_Driver/Src/stm32f1xx_hal_gpio.o
 .debug_info    0x000000000000881e     0x2761 ./Drivers/STM32F1xx_HAL_Driver/Src/stm32f1xx_hal_i2c.o
 .debug_info    0x000000000000af7f      0x865 ./Drivers/STM32F1xx_HAL_Driver/Src/stm32f1xx_hal_rcc.o
 .debug_info    0x000000000000b7e4     0x17d4 ./Drivers/STM32F1xx_HAL_Driver/Src/stm32f1xx_hal_spi.o
 .debug_info    0x000000000000cfb8     0x31b2 ./Drivers/STM32F1xx_HAL_Driver/Src/stm32f1xx_hal_uart.o

.debug_abbrev   0x0000000000000000     0x2653
 .debug_abbrev  0x0000000000000000      0x22d ./Core/Src/ACC_init.o
 .debug_abbrev  0x000000000000022d      0x244 ./Core/Src/MCP2515.o
 .debug_abbrev  0x0000000000000471      0x1e4 ./Core/Src/RS_485.o
 .debug_abbrev  0x0000000000000655      0x33c ./Core/Src/main.o
 .debug_abbrev  0x0000000000000991      0x274 ./Core/Src/stm32f1xx_hal_msp.o
 .debug_abbrev  0x0000000000000c05      0x15f ./Core/Src/stm32f1xx_it.o
 .debug_abbrev  0x0000000000000d64       0xbb ./Core/Src/sysmem.o
 .debug_abbrev  0x0000000000000e1f      0x13b ./Core/Src/system_stm32f1xx.o
 .debug_abbrev  0x0000000000000f5a       0x12 ./Core/Startup/startup_stm32f103c8tx.o
 .debug_abbrev  0x0000000000000f6c      0x1fb ./Drivers/STM32F1xx_HAL_Driver/Src/stm32f1xx_hal.o
 .debug_abbrev  0x0000000000001167      0x224 ./Drivers/STM32F1xx_HAL_Driver/Src/stm32f1xx_hal_can.o
 .debug_abbrev  0x000000000000138b      0x2ed ./Drivers/STM32F1xx_HAL_Driver/Src/stm32f1xx_hal_cortex.o
 .debug_abbrev  0x0000000000001678      0x1a5 ./Drivers/STM32F1xx_HAL_Driver/Src/stm32f1xx_hal_crc.o
 .debug_abbrev  0x000000000000181d      0x1fe ./Drivers/STM32F1xx_HAL_Driver/Src/stm32f1xx_hal_dma.o
 .debug_abbrev  0x0000000000001a1b      0x1bb ./Drivers/STM32F1xx_HAL_Driver/Src/stm32f1xx_hal_gpio.o
 .debug_abbrev  0x0000000000001bd6      0x288 ./Drivers/STM32F1xx_HAL_Driver/Src/stm32f1xx_hal_i2c.o
 .debug_abbrev  0x0000000000001e5e      0x2a8 ./Drivers/STM32F1xx_HAL_Driver/Src/stm32f1xx_hal_rcc.o
 .debug_abbrev  0x0000000000002106      0x26e ./Drivers/STM32F1xx_HAL_Driver/Src/stm32f1xx_hal_spi.o
 .debug_abbrev  0x0000000000002374      0x2df ./Drivers/STM32F1xx_HAL_Driver/Src/stm32f1xx_hal_uart.o

.debug_aranges  0x0000000000000000      0xe58
 .debug_aranges
                0x0000000000000000       0x50 ./Core/Src/ACC_init.o
 .debug_aranges
                0x0000000000000050       0xb0 ./Core/Src/MCP2515.o
 .debug_aranges
                0x0000000000000100       0x20 ./Core/Src/RS_485.o
 .debug_aranges
                0x0000000000000120       0x70 ./Core/Src/main.o
 .debug_aranges
                0x0000000000000190       0x70 ./Core/Src/stm32f1xx_hal_msp.o
 .debug_aranges
                0x0000000000000200       0x70 ./Core/Src/stm32f1xx_it.o
 .debug_aranges
                0x0000000000000270       0x20 ./Core/Src/sysmem.o
 .debug_aranges
                0x0000000000000290       0x28 ./Core/Src/system_stm32f1xx.o
 .debug_aranges
                0x00000000000002b8       0x28 ./Core/Startup/startup_stm32f103c8tx.o
 .debug_aranges
                0x00000000000002e0       0xe0 ./Drivers/STM32F1xx_HAL_Driver/Src/stm32f1xx_hal.o
 .debug_aranges
                0x00000000000003c0      0x138 ./Drivers/STM32F1xx_HAL_Driver/Src/stm32f1xx_hal_can.o
 .debug_aranges
                0x00000000000004f8      0x100 ./Drivers/STM32F1xx_HAL_Driver/Src/stm32f1xx_hal_cortex.o
 .debug_aranges
                0x00000000000005f8       0x50 ./Drivers/STM32F1xx_HAL_Driver/Src/stm32f1xx_hal_crc.o
 .debug_aranges
                0x0000000000000648       0x80 ./Drivers/STM32F1xx_HAL_Driver/Src/stm32f1xx_hal_dma.o
 .debug_aranges
                0x00000000000006c8       0x58 ./Drivers/STM32F1xx_HAL_Driver/Src/stm32f1xx_hal_gpio.o
 .debug_aranges
                0x0000000000000720      0x2a8 ./Drivers/STM32F1xx_HAL_Driver/Src/stm32f1xx_hal_i2c.o
 .debug_aranges
                0x00000000000009c8       0x90 ./Drivers/STM32F1xx_HAL_Driver/Src/stm32f1xx_hal_rcc.o
 .debug_aranges
                0x0000000000000a58      0x1f8 ./Drivers/STM32F1xx_HAL_Driver/Src/stm32f1xx_hal_spi.o
 .debug_aranges
                0x0000000000000c50      0x208 ./Drivers/STM32F1xx_HAL_Driver/Src/stm32f1xx_hal_uart.o

.debug_ranges   0x0000000000000000      0xd78
 .debug_ranges  0x0000000000000000       0x40 ./Core/Src/ACC_init.o
 .debug_ranges  0x0000000000000040       0xa0 ./Core/Src/MCP2515.o
 .debug_ranges  0x00000000000000e0       0x10 ./Core/Src/RS_485.o
 .debug_ranges  0x00000000000000f0       0x60 ./Core/Src/main.o
 .debug_ranges  0x0000000000000150       0x60 ./Core/Src/stm32f1xx_hal_msp.o
 .debug_ranges  0x00000000000001b0       0x60 ./Core/Src/stm32f1xx_it.o
 .debug_ranges  0x0000000000000210       0x10 ./Core/Src/sysmem.o
 .debug_ranges  0x0000000000000220       0x18 ./Core/Src/system_stm32f1xx.o
 .debug_ranges  0x0000000000000238       0x20 ./Core/Startup/startup_stm32f103c8tx.o
 .debug_ranges  0x0000000000000258       0xd0 ./Drivers/STM32F1xx_HAL_Driver/Src/stm32f1xx_hal.o
 .debug_ranges  0x0000000000000328      0x128 ./Drivers/STM32F1xx_HAL_Driver/Src/stm32f1xx_hal_can.o
 .debug_ranges  0x0000000000000450       0xf0 ./Drivers/STM32F1xx_HAL_Driver/Src/stm32f1xx_hal_cortex.o
 .debug_ranges  0x0000000000000540       0x40 ./Drivers/STM32F1xx_HAL_Driver/Src/stm32f1xx_hal_crc.o
 .debug_ranges  0x0000000000000580       0x70 ./Drivers/STM32F1xx_HAL_Driver/Src/stm32f1xx_hal_dma.o
 .debug_ranges  0x00000000000005f0       0x48 ./Drivers/STM32F1xx_HAL_Driver/Src/stm32f1xx_hal_gpio.o
 .debug_ranges  0x0000000000000638      0x2b0 ./Drivers/STM32F1xx_HAL_Driver/Src/stm32f1xx_hal_i2c.o
 .debug_ranges  0x00000000000008e8       0x80 ./Drivers/STM32F1xx_HAL_Driver/Src/stm32f1xx_hal_rcc.o
 .debug_ranges  0x0000000000000968      0x1e8 ./Drivers/STM32F1xx_HAL_Driver/Src/stm32f1xx_hal_spi.o
 .debug_ranges  0x0000000000000b50      0x228 ./Drivers/STM32F1xx_HAL_Driver/Src/stm32f1xx_hal_uart.o

.debug_macro    0x0000000000000000    0x1884d
 .debug_macro   0x0000000000000000      0x220 ./Core/Src/ACC_init.o
 .debug_macro   0x0000000000000220      0xa6c ./Core/Src/ACC_init.o
 .debug_macro   0x0000000000000c8c      0x233 ./Core/Src/ACC_init.o
 .debug_macro   0x0000000000000ebf       0x2e ./Core/Src/ACC_init.o
 .debug_macro   0x0000000000000eed       0x22 ./Core/Src/ACC_init.o
 .debug_macro   0x0000000000000f0f       0x22 ./Core/Src/ACC_init.o
 .debug_macro   0x0000000000000f31       0x8e ./Core/Src/ACC_init.o
 .debug_macro   0x0000000000000fbf       0x51 ./Core/Src/ACC_init.o
 .debug_macro   0x0000000000001010      0x103 ./Core/Src/ACC_init.o
 .debug_macro   0x0000000000001113       0x6a ./Core/Src/ACC_init.o
 .debug_macro   0x000000000000117d      0x1df ./Core/Src/ACC_init.o
 .debug_macro   0x000000000000135c       0x1c ./Core/Src/ACC_init.o
 .debug_macro   0x0000000000001378       0x22 ./Core/Src/ACC_init.o
 .debug_macro   0x000000000000139a       0xbd ./Core/Src/ACC_init.o
 .debug_macro   0x0000000000001457      0xd23 ./Core/Src/ACC_init.o
 .debug_macro   0x000000000000217a     0xe09e ./Core/Src/ACC_init.o
 .debug_macro   0x0000000000010218       0x6d ./Core/Src/ACC_init.o
 .debug_macro   0x0000000000010285     0x348d ./Core/Src/ACC_init.o
 .debug_macro   0x0000000000013712      0x174 ./Core/Src/ACC_init.o
 .debug_macro   0x0000000000013886       0x5c ./Core/Src/ACC_init.o
 .debug_macro   0x00000000000138e2      0x5bc ./Core/Src/ACC_init.o
 .debug_macro   0x0000000000013e9e      0x289 ./Core/Src/ACC_init.o
 .debug_macro   0x0000000000014127      0x1cb ./Core/Src/ACC_init.o
 .debug_macro   0x00000000000142f2      0x114 ./Core/Src/ACC_init.o
 .debug_macro   0x0000000000014406      0x1b2 ./Core/Src/ACC_init.o
 .debug_macro   0x00000000000145b8       0x27 ./Core/Src/ACC_init.o
 .debug_macro   0x00000000000145df      0x136 ./Core/Src/ACC_init.o
 .debug_macro   0x0000000000014715      0x1bc ./Core/Src/ACC_init.o
 .debug_macro   0x00000000000148d1       0x34 ./Core/Src/ACC_init.o
 .debug_macro   0x0000000000014905       0x3c ./Core/Src/ACC_init.o
 .debug_macro   0x0000000000014941      0x408 ./Core/Src/ACC_init.o
 .debug_macro   0x0000000000014d49       0x57 ./Core/Src/ACC_init.o
 .debug_macro   0x0000000000014da0       0x22 ./Core/Src/ACC_init.o
 .debug_macro   0x0000000000014dc2       0x87 ./Core/Src/ACC_init.o
 .debug_macro   0x0000000000014e49      0x240 ./Core/Src/ACC_init.o
 .debug_macro   0x0000000000015089      0x287 ./Core/Src/ACC_init.o
 .debug_macro   0x0000000000015310      0x140 ./Core/Src/ACC_init.o
 .debug_macro   0x0000000000015450      0x217 ./Core/Src/ACC_init.o
 .debug_macro   0x0000000000015667      0x28e ./Core/Src/ACC_init.o
 .debug_macro   0x00000000000158f5       0x83 ./Core/Src/ACC_init.o
 .debug_macro   0x0000000000015978       0x10 ./Core/Src/ACC_init.o
 .debug_macro   0x0000000000015988       0x10 ./Core/Src/ACC_init.o
 .debug_macro   0x0000000000015998      0x1ef ./Core/Src/MCP2515.o
 .debug_macro   0x0000000000015b87       0x22 ./Core/Src/MCP2515.o
 .debug_macro   0x0000000000015ba9      0x1b4 ./Core/Src/MCP2515.o
 .debug_macro   0x0000000000015d5d       0x16 ./Core/Src/MCP2515.o
 .debug_macro   0x0000000000015d73      0x367 ./Core/Src/RS_485.o
 .debug_macro   0x00000000000160da       0x16 ./Core/Src/RS_485.o
 .debug_macro   0x00000000000160f0       0x52 ./Core/Src/RS_485.o
 .debug_macro   0x0000000000016142       0x18 ./Core/Src/RS_485.o
 .debug_macro   0x000000000001615a       0x3c ./Core/Src/RS_485.o
 .debug_macro   0x0000000000016196       0x34 ./Core/Src/RS_485.o
 .debug_macro   0x00000000000161ca       0x16 ./Core/Src/RS_485.o
 .debug_macro   0x00000000000161e0       0x43 ./Core/Src/RS_485.o
 .debug_macro   0x0000000000016223       0x34 ./Core/Src/RS_485.o
 .debug_macro   0x0000000000016257       0x10 ./Core/Src/RS_485.o
 .debug_macro   0x0000000000016267       0x58 ./Core/Src/RS_485.o
 .debug_macro   0x00000000000162bf       0x71 ./Core/Src/RS_485.o
 .debug_macro   0x0000000000016330       0x1c ./Core/Src/RS_485.o
 .debug_macro   0x000000000001634c      0x12a ./Core/Src/RS_485.o
 .debug_macro   0x0000000000016476      0x341 ./Core/Src/RS_485.o
 .debug_macro   0x00000000000167b7       0x10 ./Core/Src/RS_485.o
 .debug_macro   0x00000000000167c7       0x35 ./Core/Src/RS_485.o
 .debug_macro   0x00000000000167fc       0x20 ./Core/Src/RS_485.o
 .debug_macro   0x000000000001681c       0x1c ./Core/Src/RS_485.o
 .debug_macro   0x0000000000016838       0x10 ./Core/Src/RS_485.o
 .debug_macro   0x0000000000016848       0x10 ./Core/Src/RS_485.o
 .debug_macro   0x0000000000016858       0x1c ./Core/Src/RS_485.o
 .debug_macro   0x0000000000016874       0x52 ./Core/Src/RS_485.o
 .debug_macro   0x00000000000168c6       0x22 ./Core/Src/RS_485.o
 .debug_macro   0x00000000000168e8       0x10 ./Core/Src/RS_485.o
 .debug_macro   0x00000000000168f8       0x52 ./Core/Src/RS_485.o
 .debug_macro   0x000000000001694a       0xd5 ./Core/Src/RS_485.o
 .debug_macro   0x0000000000016a1f       0x1c ./Core/Src/RS_485.o
 .debug_macro   0x0000000000016a3b       0x3d ./Core/Src/RS_485.o
 .debug_macro   0x0000000000016a78       0x16 ./Core/Src/RS_485.o
 .debug_macro   0x0000000000016a8e      0x145 ./Core/Src/RS_485.o
 .debug_macro   0x0000000000016bd3      0x1da ./Core/Src/main.o
 .debug_macro   0x0000000000016dad      0x1c5 ./Core/Src/stm32f1xx_hal_msp.o
 .debug_macro   0x0000000000016f72      0x1cf ./Core/Src/stm32f1xx_it.o
 .debug_macro   0x0000000000017141       0xff ./Core/Src/sysmem.o
 .debug_macro   0x0000000000017240      0x23b ./Core/Src/sysmem.o
 .debug_macro   0x000000000001747b      0x1b6 ./Core/Src/system_stm32f1xx.o
 .debug_macro   0x0000000000017631      0x1da ./Drivers/STM32F1xx_HAL_Driver/Src/stm32f1xx_hal.o
 .debug_macro   0x000000000001780b      0x1be ./Drivers/STM32F1xx_HAL_Driver/Src/stm32f1xx_hal_can.o
 .debug_macro   0x00000000000179c9      0x1b6 ./Drivers/STM32F1xx_HAL_Driver/Src/stm32f1xx_hal_cortex.o
 .debug_macro   0x0000000000017b7f      0x1b6 ./Drivers/STM32F1xx_HAL_Driver/Src/stm32f1xx_hal_crc.o
 .debug_macro   0x0000000000017d35      0x1b6 ./Drivers/STM32F1xx_HAL_Driver/Src/stm32f1xx_hal_dma.o
 .debug_macro   0x0000000000017eeb      0x221 ./Drivers/STM32F1xx_HAL_Driver/Src/stm32f1xx_hal_gpio.o
 .debug_macro   0x000000000001810c      0x204 ./Drivers/STM32F1xx_HAL_Driver/Src/stm32f1xx_hal_i2c.o
 .debug_macro   0x0000000000018310      0x1c8 ./Drivers/STM32F1xx_HAL_Driver/Src/stm32f1xx_hal_rcc.o
 .debug_macro   0x00000000000184d8      0x1be ./Drivers/STM32F1xx_HAL_Driver/Src/stm32f1xx_hal_spi.o
 .debug_macro   0x0000000000018696      0x1b7 ./Drivers/STM32F1xx_HAL_Driver/Src/stm32f1xx_hal_uart.o

.debug_line     0x0000000000000000    0x115ca
 .debug_line    0x0000000000000000      0x820 ./Core/Src/ACC_init.o
 .debug_line    0x0000000000000820      0x91e ./Core/Src/MCP2515.o
 .debug_line    0x000000000000113e      0x923 ./Core/Src/RS_485.o
 .debug_line    0x0000000000001a61      0x8f1 ./Core/Src/main.o
 .debug_line    0x0000000000002352      0x883 ./Core/Src/stm32f1xx_hal_msp.o
 .debug_line    0x0000000000002bd5      0x7b3 ./Core/Src/stm32f1xx_it.o
 .debug_line    0x0000000000003388      0x517 ./Core/Src/sysmem.o
 .debug_line    0x000000000000389f      0x73f ./Core/Src/system_stm32f1xx.o
 .debug_line    0x0000000000003fde       0x86 ./Core/Startup/startup_stm32f103c8tx.o
 .debug_line    0x0000000000004064      0x96c ./Drivers/STM32F1xx_HAL_Driver/Src/stm32f1xx_hal.o
 .debug_line    0x00000000000049d0     0x1113 ./Drivers/STM32F1xx_HAL_Driver/Src/stm32f1xx_hal_can.o
 .debug_line    0x0000000000005ae3      0xb54 ./Drivers/STM32F1xx_HAL_Driver/Src/stm32f1xx_hal_cortex.o
 .debug_line    0x0000000000006637      0x807 ./Drivers/STM32F1xx_HAL_Driver/Src/stm32f1xx_hal_crc.o
 .debug_line    0x0000000000006e3e      0xdc5 ./Drivers/STM32F1xx_HAL_Driver/Src/stm32f1xx_hal_dma.o
 .debug_line    0x0000000000007c03      0xa05 ./Drivers/STM32F1xx_HAL_Driver/Src/stm32f1xx_hal_gpio.o
 .debug_line    0x0000000000008608     0x3ad2 ./Drivers/STM32F1xx_HAL_Driver/Src/stm32f1xx_hal_i2c.o
 .debug_line    0x000000000000c0da      0xd78 ./Drivers/STM32F1xx_HAL_Driver/Src/stm32f1xx_hal_rcc.o
 .debug_line    0x000000000000ce52     0x1edb ./Drivers/STM32F1xx_HAL_Driver/Src/stm32f1xx_hal_spi.o
 .debug_line    0x000000000000ed2d     0x289d ./Drivers/STM32F1xx_HAL_Driver/Src/stm32f1xx_hal_uart.o

.debug_str      0x0000000000000000    0x8a056
 .debug_str     0x0000000000000000    0x81c23 ./Core/Src/ACC_init.o
                                      0x81ff0 (size before relaxing)
 .debug_str     0x0000000000081c23      0xb0d ./Core/Src/MCP2515.o
                                      0x82506 (size before relaxing)
 .debug_str     0x0000000000082730     0x3f8b ./Core/Src/RS_485.o
                                      0x85aae (size before relaxing)
 .debug_str     0x00000000000866bb      0x87d ./Core/Src/main.o
                                      0x8298e (size before relaxing)
 .debug_str     0x0000000000086f38      0x138 ./Core/Src/stm32f1xx_hal_msp.o
                                      0x8249f (size before relaxing)
 .debug_str     0x0000000000087070      0x10e ./Core/Src/stm32f1xx_it.o
                                      0x81a67 (size before relaxing)
 .debug_str     0x000000000008717e      0x4da ./Core/Src/sysmem.o
                                       0x5d56 (size before relaxing)
 .debug_str     0x0000000000087658       0x7e ./Core/Src/system_stm32f1xx.o
                                      0x81806 (size before relaxing)
 .debug_str     0x00000000000876d6       0x36 ./Core/Startup/startup_stm32f103c8tx.o
                                         0x58 (size before relaxing)
 .debug_str     0x000000000008770c      0x37a ./Drivers/STM32F1xx_HAL_Driver/Src/stm32f1xx_hal.o
                                      0x81f39 (size before relaxing)
 .debug_str     0x0000000000087a86      0x559 ./Drivers/STM32F1xx_HAL_Driver/Src/stm32f1xx_hal_can.o
                                      0x82006 (size before relaxing)
 .debug_str     0x0000000000087fdf      0x280 ./Drivers/STM32F1xx_HAL_Driver/Src/stm32f1xx_hal_cortex.o
                                      0x81e85 (size before relaxing)
 .debug_str     0x000000000008825f       0x9d ./Drivers/STM32F1xx_HAL_Driver/Src/stm32f1xx_hal_crc.o
                                      0x81948 (size before relaxing)
 .debug_str     0x00000000000882fc      0x206 ./Drivers/STM32F1xx_HAL_Driver/Src/stm32f1xx_hal_dma.o
                                      0x81baf (size before relaxing)
 .debug_str     0x0000000000088502      0x2e1 ./Drivers/STM32F1xx_HAL_Driver/Src/stm32f1xx_hal_gpio.o
                                      0x81b8c (size before relaxing)
 .debug_str     0x00000000000887e3      0xb3a ./Drivers/STM32F1xx_HAL_Driver/Src/stm32f1xx_hal_i2c.o
                                      0x828cd (size before relaxing)
 .debug_str     0x000000000008931d      0x209 ./Drivers/STM32F1xx_HAL_Driver/Src/stm32f1xx_hal_rcc.o
                                      0x81c35 (size before relaxing)
 .debug_str     0x0000000000089526      0x540 ./Drivers/STM32F1xx_HAL_Driver/Src/stm32f1xx_hal_spi.o
                                      0x821ad (size before relaxing)
 .debug_str     0x0000000000089a66      0x5f0 ./Drivers/STM32F1xx_HAL_Driver/Src/stm32f1xx_hal_uart.o
                                      0x822a6 (size before relaxing)

.comment        0x0000000000000000       0x50
 .comment       0x0000000000000000       0x50 ./Core/Src/ACC_init.o
                                         0x51 (size before relaxing)
 .comment       0x0000000000000050       0x51 ./Core/Src/MCP2515.o
 .comment       0x0000000000000050       0x51 ./Core/Src/RS_485.o
 .comment       0x0000000000000050       0x51 ./Core/Src/main.o
 .comment       0x0000000000000050       0x51 ./Core/Src/stm32f1xx_hal_msp.o
 .comment       0x0000000000000050       0x51 ./Core/Src/stm32f1xx_it.o
 .comment       0x0000000000000050       0x51 ./Core/Src/sysmem.o
 .comment       0x0000000000000050       0x51 ./Core/Src/system_stm32f1xx.o
 .comment       0x0000000000000050       0x51 ./Drivers/STM32F1xx_HAL_Driver/Src/stm32f1xx_hal.o
 .comment       0x0000000000000050       0x51 ./Drivers/STM32F1xx_HAL_Driver/Src/stm32f1xx_hal_can.o
 .comment       0x0000000000000050       0x51 ./Drivers/STM32F1xx_HAL_Driver/Src/stm32f1xx_hal_cortex.o
 .comment       0x0000000000000050       0x51 ./Drivers/STM32F1xx_HAL_Driver/Src/stm32f1xx_hal_crc.o
 .comment       0x0000000000000050       0x51 ./Drivers/STM32F1xx_HAL_Driver/Src/stm32f1xx_hal_dma.o
 .comment       0x0000000000000050       0x51 ./Drivers/STM32F1xx_HAL_Driver/Src/stm32f1xx_hal_gpio.o
 .comment       0x0000000000000050       0x51 ./Drivers/STM32F1xx_HAL_Driver/Src/stm32f1xx_hal_i2c.o
 .comment       0x0000000000000050       0x51 ./Drivers/STM32F1xx_HAL_Driver/Src/stm32f1xx_hal_rcc.o
 .comment       0x0000000000000050       0x51 ./Drivers/STM32F1xx_HAL_Driver/Src/stm32f1xx_hal_spi.o
 .comment       0x0000000000000050       0x51 ./Drivers/STM32F1xx_HAL_Driver/Src/stm32f1xx_hal_uart.o

.debug_frame    0x0000000000000000     0x3f94
 .debug_frame   0x0000000000000000      0x118 ./Core/Src/ACC_init.o
 .debug_frame   0x0000000000000118      0x2b4 ./Core/Src/MCP2515.o
 .debug_frame   0x00000000000003cc       0x38 ./Core/Src/RS_485.o
 .debug_frame   0x0000000000000404      0x160 ./Core/Src/main.o
 .debug_frame   0x0000000000000564      0x1a8 ./Core/Src/stm32f1xx_hal_msp.o
 .debug_frame   0x000000000000070c      0x13c ./Core/Src/stm32f1xx_it.o
 .debug_frame   0x0000000000000848       0x34 ./Core/Src/sysmem.o
 .debug_frame   0x000000000000087c       0x58 ./Core/Src/system_stm32f1xx.o
 .debug_frame   0x00000000000008d4      0x334 ./Drivers/STM32F1xx_HAL_Driver/Src/stm32f1xx_hal.o
 .debug_frame   0x0000000000000c08      0x5a0 ./Drivers/STM32F1xx_HAL_Driver/Src/stm32f1xx_hal_can.o
 .debug_frame   0x00000000000011a8      0x428 ./Drivers/STM32F1xx_HAL_Driver/Src/stm32f1xx_hal_cortex.o
 .debug_frame   0x00000000000015d0      0x120 ./Drivers/STM32F1xx_HAL_Driver/Src/stm32f1xx_hal_crc.o
 .debug_frame   0x00000000000016f0      0x208 ./Drivers/STM32F1xx_HAL_Driver/Src/stm32f1xx_hal_dma.o
 .debug_frame   0x00000000000018f8      0x14c ./Drivers/STM32F1xx_HAL_Driver/Src/stm32f1xx_hal_gpio.o
 .debug_frame   0x0000000000001a44      0xc84 ./Drivers/STM32F1xx_HAL_Driver/Src/stm32f1xx_hal_i2c.o
 .debug_frame   0x00000000000026c8      0x218 ./Drivers/STM32F1xx_HAL_Driver/Src/stm32f1xx_hal_rcc.o
 .debug_frame   0x00000000000028e0      0x8e8 ./Drivers/STM32F1xx_HAL_Driver/Src/stm32f1xx_hal_spi.o
 .debug_frame   0x00000000000031c8      0x944 ./Drivers/STM32F1xx_HAL_Driver/Src/stm32f1xx_hal_uart.o
 .debug_frame   0x0000000000003b0c       0x20 d:/avip_sokol/stm32cubeide_1.7.0/stm32cubeide/plugins/com.st.stm32cube.ide.mcu.externaltools.gnu-tools-for-stm32.10.3-2021.10.win32_1.0.200.202301161003/tools/bin/../lib/gcc/arm-none-eabi/10.3.1/../../../../arm-none-eabi/lib/thumb/v7-m/nofp\libc_nano.a(lib_a-errno.o)
 .debug_frame   0x0000000000003b2c       0x2c d:/avip_sokol/stm32cubeide_1.7.0/stm32cubeide/plugins/com.st.stm32cube.ide.mcu.externaltools.gnu-tools-for-stm32.10.3-2021.10.win32_1.0.200.202301161003/tools/bin/../lib/gcc/arm-none-eabi/10.3.1/../../../../arm-none-eabi/lib/thumb/v7-m/nofp\libc_nano.a(lib_a-init.o)
 .debug_frame   0x0000000000003b58       0x20 d:/avip_sokol/stm32cubeide_1.7.0/stm32cubeide/plugins/com.st.stm32cube.ide.mcu.externaltools.gnu-tools-for-stm32.10.3-2021.10.win32_1.0.200.202301161003/tools/bin/../lib/gcc/arm-none-eabi/10.3.1/../../../../arm-none-eabi/lib/thumb/v7-m/nofp\libc_nano.a(lib_a-memset.o)
 .debug_frame   0x0000000000003b78       0x6c d:/avip_sokol/stm32cubeide_1.7.0/stm32cubeide/plugins/com.st.stm32cube.ide.mcu.externaltools.gnu-tools-for-stm32.10.3-2021.10.win32_1.0.200.202301161003/tools/bin/../lib/gcc/arm-none-eabi/10.3.1/../../../../arm-none-eabi/lib/thumb/v7-m/nofp\libc_nano.a(lib_a-sprintf.o)
 .debug_frame   0x0000000000003be4       0x90 d:/avip_sokol/stm32cubeide_1.7.0/stm32cubeide/plugins/com.st.stm32cube.ide.mcu.externaltools.gnu-tools-for-stm32.10.3-2021.10.win32_1.0.200.202301161003/tools/bin/../lib/gcc/arm-none-eabi/10.3.1/../../../../arm-none-eabi/lib/thumb/v7-m/nofp\libc_nano.a(lib_a-nano-svfprintf.o)
 .debug_frame   0x0000000000003c74       0x60 d:/avip_sokol/stm32cubeide_1.7.0/stm32cubeide/plugins/com.st.stm32cube.ide.mcu.externaltools.gnu-tools-for-stm32.10.3-2021.10.win32_1.0.200.202301161003/tools/bin/../lib/gcc/arm-none-eabi/10.3.1/../../../../arm-none-eabi/lib/thumb/v7-m/nofp\libc_nano.a(lib_a-nano-vfprintf_i.o)
 .debug_frame   0x0000000000003cd4       0x28 d:/avip_sokol/stm32cubeide_1.7.0/stm32cubeide/plugins/com.st.stm32cube.ide.mcu.externaltools.gnu-tools-for-stm32.10.3-2021.10.win32_1.0.200.202301161003/tools/bin/../lib/gcc/arm-none-eabi/10.3.1/../../../../arm-none-eabi/lib/thumb/v7-m/nofp\libc_nano.a(lib_a-memchr-stub.o)
 .debug_frame   0x0000000000003cfc       0x28 d:/avip_sokol/stm32cubeide_1.7.0/stm32cubeide/plugins/com.st.stm32cube.ide.mcu.externaltools.gnu-tools-for-stm32.10.3-2021.10.win32_1.0.200.202301161003/tools/bin/../lib/gcc/arm-none-eabi/10.3.1/../../../../arm-none-eabi/lib/thumb/v7-m/nofp\libc_nano.a(lib_a-memcpy-stub.o)
 .debug_frame   0x0000000000003d24       0x28 d:/avip_sokol/stm32cubeide_1.7.0/stm32cubeide/plugins/com.st.stm32cube.ide.mcu.externaltools.gnu-tools-for-stm32.10.3-2021.10.win32_1.0.200.202301161003/tools/bin/../lib/gcc/arm-none-eabi/10.3.1/../../../../arm-none-eabi/lib/thumb/v7-m/nofp\libc_nano.a(lib_a-memmove.o)
 .debug_frame   0x0000000000003d4c       0x38 d:/avip_sokol/stm32cubeide_1.7.0/stm32cubeide/plugins/com.st.stm32cube.ide.mcu.externaltools.gnu-tools-for-stm32.10.3-2021.10.win32_1.0.200.202301161003/tools/bin/../lib/gcc/arm-none-eabi/10.3.1/../../../../arm-none-eabi/lib/thumb/v7-m/nofp\libc_nano.a(lib_a-nano-freer.o)
 .debug_frame   0x0000000000003d84       0x4c d:/avip_sokol/stm32cubeide_1.7.0/stm32cubeide/plugins/com.st.stm32cube.ide.mcu.externaltools.gnu-tools-for-stm32.10.3-2021.10.win32_1.0.200.202301161003/tools/bin/../lib/gcc/arm-none-eabi/10.3.1/../../../../arm-none-eabi/lib/thumb/v7-m/nofp\libc_nano.a(lib_a-nano-mallocr.o)
 .debug_frame   0x0000000000003dd0       0x3c d:/avip_sokol/stm32cubeide_1.7.0/stm32cubeide/plugins/com.st.stm32cube.ide.mcu.externaltools.gnu-tools-for-stm32.10.3-2021.10.win32_1.0.200.202301161003/tools/bin/../lib/gcc/arm-none-eabi/10.3.1/../../../../arm-none-eabi/lib/thumb/v7-m/nofp\libc_nano.a(lib_a-nano-reallocr.o)
 .debug_frame   0x0000000000003e0c       0x2c d:/avip_sokol/stm32cubeide_1.7.0/stm32cubeide/plugins/com.st.stm32cube.ide.mcu.externaltools.gnu-tools-for-stm32.10.3-2021.10.win32_1.0.200.202301161003/tools/bin/../lib/gcc/arm-none-eabi/10.3.1/../../../../arm-none-eabi/lib/thumb/v7-m/nofp\libc_nano.a(lib_a-sbrkr.o)
 .debug_frame   0x0000000000003e38       0x30 d:/avip_sokol/stm32cubeide_1.7.0/stm32cubeide/plugins/com.st.stm32cube.ide.mcu.externaltools.gnu-tools-for-stm32.10.3-2021.10.win32_1.0.200.202301161003/tools/bin/../lib/gcc/arm-none-eabi/10.3.1/../../../../arm-none-eabi/lib/thumb/v7-m/nofp\libc_nano.a(lib_a-mlock.o)
 .debug_frame   0x0000000000003e68       0x20 d:/avip_sokol/stm32cubeide_1.7.0/stm32cubeide/plugins/com.st.stm32cube.ide.mcu.externaltools.gnu-tools-for-stm32.10.3-2021.10.win32_1.0.200.202301161003/tools/bin/../lib/gcc/arm-none-eabi/10.3.1/../../../../arm-none-eabi/lib/thumb/v7-m/nofp\libc_nano.a(lib_a-nano-msizer.o)
 .debug_frame   0x0000000000003e88       0x5c d:/avip_sokol/stm32cubeide_1.7.0/stm32cubeide/plugins/com.st.stm32cube.ide.mcu.externaltools.gnu-tools-for-stm32.10.3-2021.10.win32_1.0.200.202301161003/tools/bin/../lib/gcc/arm-none-eabi/10.3.1/../../../../arm-none-eabi/lib/thumb/v7-m/nofp\libc_nano.a(lib_a-reent.o)
 .debug_frame   0x0000000000003ee4       0xb0 d:/avip_sokol/stm32cubeide_1.7.0/stm32cubeide/plugins/com.st.stm32cube.ide.mcu.externaltools.gnu-tools-for-stm32.10.3-2021.10.win32_1.0.200.202301161003/tools/bin/../lib/gcc/arm-none-eabi/10.3.1/../../../../arm-none-eabi/lib/thumb/v7-m/nofp\libc_nano.a(lib_a-lock.o)
