../Core/Src/main.c:80:6:GPIO_init	4	static
../Core/Src/main.c:90:6:set_TX_Header	16	static
../Core/Src/main.c:106:5:main	8	static
../Core/Src/main.c:160:6:SystemClock_Config	72	static
../Core/Src/main.c:200:13:MX_CAN_Init	48	static
../Core/Src/main.c:262:13:MX_CRC_Init	8	static
../Core/Src/main.c:288:13:MX_I2C1_Init	8	static
../Core/Src/main.c:322:13:MX_SPI1_Init	8	static
../Core/Src/main.c:360:13:MX_USART1_UART_Init	8	static
../Core/Src/main.c:393:13:MX_GPIO_Init	40	static
../Core/Src/main.c:426:6:Error_Handler	4	static,ignoring_inline_asm
