../Core/Src/main.c:81:6:HAL_CAN_RxFifo0MsgPendingCallback	16	static
../Core/Src/main.c:95:5:main	8	static
../Core/Src/main.c:150:6:SystemClock_Config	72	static
../Core/Src/main.c:190:13:MX_CAN_Init	48	static
../Core/Src/main.c:252:13:MX_CRC_Init	8	static
../Core/Src/main.c:278:13:MX_I2C1_Init	8	static
../Core/Src/main.c:312:13:MX_SPI1_Init	8	static
../Core/Src/main.c:350:13:MX_USART1_UART_Init	8	static
../Core/Src/main.c:383:13:MX_GPIO_Init	40	static
../Core/Src/main.c:427:6:Error_Handler	4	static,ignoring_inline_asm
