../Core/Src/MCP2515.c:42:6:MCP2515_Initialize	16	static
../Core/Src/MCP2515.c:61:6:MCP2515_SetConfigMode	16	static
../Core/Src/MCP2515.c:82:6:MCP2515_SetNormalMode	16	static
../Core/Src/MCP2515.c:101:6:MCP2515_SetSleepMode	16	static
../Core/Src/MCP2515.c:120:6:MCP2515_Reset	8	static
../Core/Src/MCP2515.c:130:9:MCP2515_ReadByte	24	static
../Core/Src/MCP2515.c:146:6:MCP2515_ReadRxSequence	16	static
../Core/Src/MCP2515.c:157:6:MCP2515_WriteByte	16	static
../Core/Src/MCP2515.c:167:6:MCP2515_WriteByteSequence	16	static
../Core/Src/MCP2515.c:179:6:MCP2515_LoadTxSequence	24	static
../Core/Src/MCP2515.c:192:6:MCP2515_LoadTxBuffer	16	static
../Core/Src/MCP2515.c:203:6:MCP2515_RequestToSend	16	static
../Core/Src/MCP2515.c:213:9:MCP2515_ReadStatus	16	static
../Core/Src/MCP2515.c:228:9:MCP2515_GetRxStatus	16	static
../Core/Src/MCP2515.c:243:6:MCP2515_BitModify	16	static
../Core/Src/MCP2515.c:256:13:SPI_Tx	16	static
../Core/Src/MCP2515.c:262:13:SPI_TxBuffer	16	static
../Core/Src/MCP2515.c:268:16:SPI_Rx	16	static
../Core/Src/MCP2515.c:276:13:SPI_RxBuffer	16	static
../Core/Src/MCP2515.c:281:6:en_peripheria	16	static
../Core/Src/MCP2515.c:298:6:setting_CNFx	40	static
../Core/Src/MCP2515.c:385:6:MCP_settings	16	static
../Core/Src/MCP2515.c:398:6:SPI_Send	24	static
../Core/Src/MCP2515.c:485:6:check_errors	24	static
../Core/Src/MCP2515.c:509:9:CANSPI_isBussOff	16	static
../Core/Src/MCP2515.c:523:9:CANSPI_isTxErrorPassive	16	static
../Core/Src/MCP2515.c:538:9:CANSPI_isRxErrorPassive	16	static
