../Core/Src/MCP2515.c:41:6:MCP2515_Initialize	16	static
../Core/Src/MCP2515.c:60:6:MCP2515_SetConfigMode	16	static
../Core/Src/MCP2515.c:81:6:MCP2515_SetNormalMode	16	static
../Core/Src/MCP2515.c:100:6:MCP2515_SetSleepMode	16	static
../Core/Src/MCP2515.c:119:6:MCP2515_Reset	8	static
../Core/Src/MCP2515.c:129:9:MCP2515_ReadByte	24	static
../Core/Src/MCP2515.c:145:6:MCP2515_ReadRxSequence	16	static
../Core/Src/MCP2515.c:156:6:MCP2515_WriteByte	16	static
../Core/Src/MCP2515.c:166:6:MCP2515_WriteByteSequence	16	static
../Core/Src/MCP2515.c:178:6:MCP2515_LoadTxSequence	24	static
../Core/Src/MCP2515.c:191:6:MCP2515_LoadTxBuffer	16	static
../Core/Src/MCP2515.c:202:6:MCP2515_RequestToSend	16	static
../Core/Src/MCP2515.c:212:9:MCP2515_ReadStatus	16	static
../Core/Src/MCP2515.c:227:9:MCP2515_GetRxStatus	16	static
../Core/Src/MCP2515.c:242:6:MCP2515_BitModify	16	static
../Core/Src/MCP2515.c:255:13:SPI_Tx	16	static
../Core/Src/MCP2515.c:261:13:SPI_TxBuffer	16	static
../Core/Src/MCP2515.c:267:16:SPI_Rx	16	static
../Core/Src/MCP2515.c:275:13:SPI_RxBuffer	16	static
../Core/Src/MCP2515.c:281:6:setting_CNFx	40	static
../Core/Src/MCP2515.c:372:6:MCP_settings	16	static
../Core/Src/MCP2515.c:389:6:SPI_Send	32	static
../Core/Src/MCP2515.c:423:6:CAN_Recieve	96	static
