../Core/Src/MCP2515.c:34:6:MCP2515_Initialize	16	static
../Core/Src/MCP2515.c:53:6:MCP2515_SetConfigMode	16	static
../Core/Src/MCP2515.c:74:6:MCP2515_SetNormalMode	16	static
../Core/Src/MCP2515.c:93:6:MCP2515_SetSleepMode	16	static
../Core/Src/MCP2515.c:112:6:MCP2515_Reset	8	static
../Core/Src/MCP2515.c:122:9:MCP2515_ReadByte	24	static
../Core/Src/MCP2515.c:138:6:MCP2515_ReadRxSequence	16	static
../Core/Src/MCP2515.c:149:6:MCP2515_WriteByte	16	static
../Core/Src/MCP2515.c:159:6:MCP2515_WriteByteSequence	16	static
../Core/Src/MCP2515.c:171:6:MCP2515_LoadTxSequence	24	static
../Core/Src/MCP2515.c:184:6:MCP2515_LoadTxBuffer	16	static
../Core/Src/MCP2515.c:195:6:MCP2515_RequestToSend	16	static
../Core/Src/MCP2515.c:205:9:MCP2515_ReadStatus	16	static
../Core/Src/MCP2515.c:220:9:MCP2515_GetRxStatus	16	static
../Core/Src/MCP2515.c:235:6:MCP2515_BitModify	16	static
../Core/Src/MCP2515.c:248:13:SPI_Tx	16	static
../Core/Src/MCP2515.c:254:13:SPI_TxBuffer	16	static
../Core/Src/MCP2515.c:260:16:SPI_Rx	16	static
../Core/Src/MCP2515.c:268:13:SPI_RxBuffer	16	static
../Core/Src/MCP2515.c:274:6:setting_CNFx	40	static
../Core/Src/MCP2515.c:355:6:MCP_settings	16	static
../Core/Src/MCP2515.c:372:6:SPI_Send	24	static
../Core/Src/MCP2515.c:398:6:CAN_Recieve	96	static
