../Core/Src/MCP2515.c:43:6:MCP2515_Initialize	16	static
../Core/Src/MCP2515.c:62:6:MCP2515_SetConfigMode	16	static
../Core/Src/MCP2515.c:83:6:MCP2515_SetNormalMode	16	static
../Core/Src/MCP2515.c:102:6:MCP2515_SetSleepMode	16	static
../Core/Src/MCP2515.c:121:6:MCP2515_Reset	8	static
../Core/Src/MCP2515.c:131:9:MCP2515_ReadByte	24	static
../Core/Src/MCP2515.c:147:6:MCP2515_ReadRxSequence	16	static
../Core/Src/MCP2515.c:158:6:MCP2515_WriteByte	16	static
../Core/Src/MCP2515.c:168:6:MCP2515_WriteByteSequence	16	static
../Core/Src/MCP2515.c:180:6:MCP2515_LoadTxSequence	24	static
../Core/Src/MCP2515.c:193:6:MCP2515_LoadTxBuffer	16	static
../Core/Src/MCP2515.c:204:6:MCP2515_RequestToSend	16	static
../Core/Src/MCP2515.c:214:9:MCP2515_ReadStatus	16	static
../Core/Src/MCP2515.c:229:9:MCP2515_GetRxStatus	16	static
../Core/Src/MCP2515.c:244:6:MCP2515_BitModify	16	static
../Core/Src/MCP2515.c:257:13:SPI_Tx	16	static
../Core/Src/MCP2515.c:263:13:SPI_TxBuffer	16	static
../Core/Src/MCP2515.c:269:16:SPI_Rx	16	static
../Core/Src/MCP2515.c:277:13:SPI_RxBuffer	16	static
../Core/Src/MCP2515.c:282:6:en_peripheria	16	static
../Core/Src/MCP2515.c:298:6:setting_CNFx	40	static
../Core/Src/MCP2515.c:385:6:MCP_settings	16	static
../Core/Src/MCP2515.c:398:6:SPI_Send	24	static
../Core/Src/MCP2515.c:437:6:check_errors	24	static
../Core/Src/MCP2515.c:459:9:CANSPI_isBussOff	16	static
../Core/Src/MCP2515.c:473:9:CANSPI_isTxErrorPassive	16	static
../Core/Src/MCP2515.c:488:9:CANSPI_isRxErrorPassive	16	static
../Core/Src/MCP2515.c:502:6:CAN_Recieve	88	static
